    0 KSP Residual norm 1.622110119860e+02
    0 KSP preconditioned resid norm 1.622110119860e+02 true resid norm 5.399494160066e+00 ||r(i)||/||b|| 1.000000000000e+00
    1 KSP Residual norm 6.456874608537e+01
    1 KSP preconditioned resid norm 6.456874608537e+01 true resid norm 1.891136300671e+00 ||r(i)||/||b|| 3.502432347565e-01
    2 KSP Residual norm 3.864234477080e+01
    2 KSP preconditioned resid norm 3.864234477080e+01 true resid norm 1.134329770040e+00 ||r(i)||/||b|| 2.100807476428e-01
    3 KSP Residual norm 2.722742908419e+01
    3 KSP preconditioned resid norm 2.722742908419e+01 true resid norm 8.006601588925e-01 ||r(i)||/||b|| 1.482842901867e-01
    4 KSP Residual norm 2.076008930094e+01
    4 KSP preconditioned resid norm 2.076008930094e+01 true resid norm 6.123675749639e-01 ||r(i)||/||b|| 1.134120265363e-01
    5 KSP Residual norm 1.657427455926e+01
    5 KSP preconditioned resid norm 1.657427455926e+01 true resid norm 4.914831572121e-01 ||r(i)||/||b|| 9.102392606460e-02
    6 KSP Residual norm 1.363491351931e+01
    6 KSP preconditioned resid norm 1.363491351931e+01 true resid norm 4.069960576224e-01 ||r(i)||/||b|| 7.537670114221e-02
    7 KSP Residual norm 1.145527315637e+01
    7 KSP preconditioned resid norm 1.145527315637e+01 true resid norm 3.440516346496e-01 ||r(i)||/||b|| 6.371923451537e-02
    8 KSP Residual norm 9.775163715357e+00
    8 KSP preconditioned resid norm 9.775163715357e+00 true resid norm 2.949384089729e-01 ||r(i)||/||b|| 5.462334067407e-02
    9 KSP Residual norm 8.441135946509e+00
    9 KSP preconditioned resid norm 8.441135946509e+00 true resid norm 2.555281023590e-01 ||r(i)||/||b|| 4.732445202902e-02
   10 KSP Residual norm 7.356615866620e+00
   10 KSP preconditioned resid norm 7.356615866620e+00 true resid norm 2.233708079498e-01 ||r(i)||/||b|| 4.136883962239e-02
   11 KSP Residual norm 6.458157089960e+00
   11 KSP preconditioned resid norm 6.458157089960e+00 true resid norm 1.967423787484e-01 ||r(i)||/||b|| 3.643718706162e-02
   12 KSP Residual norm 5.702348712780e+00
   12 KSP preconditioned resid norm 5.702348712780e+00 true resid norm 1.743943653385e-01 ||r(i)||/||b|| 3.229827835138e-02
   13 KSP Residual norm 5.058088399494e+00
   13 KSP preconditioned resid norm 5.058088399494e+00 true resid norm 1.555307806225e-01 ||r(i)||/||b|| 2.880469466433e-02
   14 KSP Residual norm 4.503816832385e+00
   14 KSP preconditioned resid norm 4.503816832385e+00 true resid norm 1.395801313169e-01 ||r(i)||/||b|| 2.585059399623e-02
   15 KSP Residual norm 4.031213185737e+00
   15 KSP preconditioned resid norm 4.031213185737e+00 true resid norm 1.259865704657e-01 ||r(i)||/||b|| 2.333303208242e-02
   16 KSP Residual norm 3.654788532546e+00
   16 KSP preconditioned resid norm 3.654788532546e+00 true resid norm 1.147083327558e-01 ||r(i)||/||b|| 2.124427388109e-02
   17 KSP Residual norm 3.399240907728e+00
   17 KSP preconditioned resid norm 3.399240907728e+00 true resid norm 1.068256915912e-01 ||r(i)||/||b|| 1.978438876391e-02
   18 KSP Residual norm 3.194423714212e+00
   18 KSP preconditioned resid norm 3.194423714212e+00 true resid norm 1.015117061701e-01 ||r(i)||/||b|| 1.880022519904e-02
   19 KSP Residual norm 2.788410101499e+00
   19 KSP preconditioned resid norm 2.788410101499e+00 true resid norm 9.003894479278e-02 ||r(i)||/||b|| 1.667544072160e-02
   20 KSP Residual norm 2.206651064896e+00
   20 KSP preconditioned resid norm 2.206651064896e+00 true resid norm 6.991589441500e-02 ||r(i)||/||b|| 1.294860080266e-02
   21 KSP Residual norm 1.864929540241e+00
   21 KSP preconditioned resid norm 1.864929540241e+00 true resid norm 5.852079638570e-02 ||r(i)||/||b|| 1.083819977407e-02
   22 KSP Residual norm 1.672011341260e+00
   22 KSP preconditioned resid norm 1.672011341260e+00 true resid norm 5.516583068438e-02 ||r(i)||/||b|| 1.021685162517e-02
   23 KSP Residual norm 1.390703119275e+00
   23 KSP preconditioned resid norm 1.390703119275e+00 true resid norm 4.446464971797e-02 ||r(i)||/||b|| 8.234965794912e-03
   24 KSP Residual norm 1.215544149389e+00
   24 KSP preconditioned resid norm 1.215544149389e+00 true resid norm 3.987508820145e-02 ||r(i)||/||b|| 7.384967372751e-03
   25 KSP Residual norm 1.041706268849e+00
   25 KSP preconditioned resid norm 1.041706268849e+00 true resid norm 3.447616085290e-02 ||r(i)||/||b|| 6.385072347680e-03
   26 KSP Residual norm 9.039038235607e-01
   26 KSP preconditioned resid norm 9.039038235607e-01 true resid norm 2.957923929371e-02 ||r(i)||/||b|| 5.478150066811e-03
   27 KSP Residual norm 7.864930143360e-01
   27 KSP preconditioned resid norm 7.864930143360e-01 true resid norm 2.614437181992e-02 ||r(i)||/||b|| 4.842003907196e-03
   28 KSP Residual norm 6.847992812134e-01
   28 KSP preconditioned resid norm 6.847992812134e-01 true resid norm 2.242871077047e-02 ||r(i)||/||b|| 4.153854065877e-03
   29 KSP Residual norm 5.904777882321e-01
   29 KSP preconditioned resid norm 5.904777882321e-01 true resid norm 1.954434338988e-02 ||r(i)||/||b|| 3.619661918412e-03
   30 KSP Residual norm 5.107025675395e-01
   30 KSP preconditioned resid norm 5.107025675395e-01 true resid norm 1.709146785692e-02 ||r(i)||/||b|| 3.165383154467e-03
   31 KSP Residual norm 4.348982505341e-01
   31 KSP preconditioned resid norm 4.348982505341e-01 true resid norm 1.434326556315e-02 ||r(i)||/||b|| 2.656409126105e-03
   32 KSP Residual norm 3.699204885769e-01
   32 KSP preconditioned resid norm 3.699204885769e-01 true resid norm 1.263809516838e-02 ||r(i)||/||b|| 2.340607248333e-03
   33 KSP Residual norm 3.068770555936e-01
   33 KSP preconditioned resid norm 3.068770555936e-01 true resid norm 1.018548450493e-02 ||r(i)||/||b|| 1.886377538893e-03
   34 KSP Residual norm 2.432206740739e-01
   34 KSP preconditioned resid norm 2.432206740739e-01 true resid norm 8.365388446665e-03 ||r(i)||/||b|| 1.549291137035e-03
   35 KSP Residual norm 1.807313667187e-01
   35 KSP preconditioned resid norm 1.807313667187e-01 true resid norm 6.275253452443e-03 ||r(i)||/||b|| 1.162192839999e-03
   36 KSP Residual norm 1.229940171768e-01
   36 KSP preconditioned resid norm 1.229940171768e-01 true resid norm 4.196996118500e-03 ||r(i)||/||b|| 7.772943157418e-04
   37 KSP Residual norm 8.324335334631e-02
   37 KSP preconditioned resid norm 8.324335334631e-02 true resid norm 2.839195407106e-03 ||r(i)||/||b|| 5.258261835162e-04
   38 KSP Residual norm 6.411900951165e-02
   38 KSP preconditioned resid norm 6.411900951165e-02 true resid norm 2.120542277594e-03 ||r(i)||/||b|| 3.927298029650e-04
   39 KSP Residual norm 5.591187085011e-02
   39 KSP preconditioned resid norm 5.591187085011e-02 true resid norm 1.894339959832e-03 ||r(i)||/||b|| 3.508365605508e-04
   40 KSP Residual norm 4.577446163088e-02
   40 KSP preconditioned resid norm 4.577446163088e-02 true resid norm 1.629769927175e-03 ||r(i)||/||b|| 3.018375201196e-04
   41 KSP Residual norm 3.404284293987e-02
   41 KSP preconditioned resid norm 3.404284293987e-02 true resid norm 1.167018770880e-03 ||r(i)||/||b|| 2.161348334277e-04
   42 KSP Residual norm 2.721814809973e-02
   42 KSP preconditioned resid norm 2.721814809973e-02 true resid norm 9.234818529375e-04 ||r(i)||/||b|| 1.710311791366e-04
   43 KSP Residual norm 2.107402858141e-02
   43 KSP preconditioned resid norm 2.107402858141e-02 true resid norm 7.535070073889e-04 ||r(i)||/||b|| 1.395514070488e-04
   44 KSP Residual norm 1.485682640043e-02
   44 KSP preconditioned resid norm 1.485682640043e-02 true resid norm 5.095998825402e-04 ||r(i)||/||b|| 9.437918950059e-05
   45 KSP Residual norm 1.167322175946e-02
   45 KSP preconditioned resid norm 1.167322175946e-02 true resid norm 4.049954918893e-04 ||r(i)||/||b|| 7.500619129929e-05
   46 KSP Residual norm 8.901115805706e-03
   46 KSP preconditioned resid norm 8.901115805706e-03 true resid norm 3.167864404917e-04 ||r(i)||/||b|| 5.866965147116e-05
   47 KSP Residual norm 6.689095837257e-03
   47 KSP preconditioned resid norm 6.689095837257e-03 true resid norm 2.230966438441e-04 ||r(i)||/||b|| 4.131806373531e-05
   48 KSP Residual norm 5.541359466028e-03
   48 KSP preconditioned resid norm 5.541359466028e-03 true resid norm 1.998402900957e-04 ||r(i)||/||b|| 3.701092809279e-05
   49 KSP Residual norm 4.450966233556e-03
   49 KSP preconditioned resid norm 4.450966233556e-03 true resid norm 1.531839350542e-04 ||r(i)||/||b|| 2.837005291850e-05
   50 KSP Residual norm 3.799277169487e-03
   50 KSP preconditioned resid norm 3.799277169487e-03 true resid norm 1.346015498606e-04 ||r(i)||/||b|| 2.492854809551e-05
   51 KSP Residual norm 3.077364819647e-03
   51 KSP preconditioned resid norm 3.077364819647e-03 true resid norm 1.077960938190e-04 ||r(i)||/||b|| 1.996410971536e-05
   52 KSP Residual norm 2.444429068147e-03
   52 KSP preconditioned resid norm 2.444429068147e-03 true resid norm 8.571150029537e-05 ||r(i)||/||b|| 1.587398703554e-05
   53 KSP Residual norm 1.816417704397e-03
   53 KSP preconditioned resid norm 1.816417704397e-03 true resid norm 6.456139042906e-05 ||r(i)||/||b|| 1.195693309691e-05
   54 KSP Residual norm 1.357623488649e-03
   54 KSP preconditioned resid norm 1.357623488649e-03 true resid norm 4.778249769600e-05 ||r(i)||/||b|| 8.849439647401e-06
    Linear solve converged due to CONVERGED_RTOL iterations 54
KSP Object: 1 MPI process
  type: cg
  maximum iterations=2000, initial guess is zero
  tolerances: relative=1e-05, absolute=1e-50, divergence=10000.
  left preconditioning
  using PRECONDITIONED norm type for convergence test
PC Object: 1 MPI process
  type: icc
    out-of-place factorization
    0 levels of fill
    tolerance for zero pivot 2.22045e-14
    using Manteuffel shift [POSITIVE_DEFINITE]
    matrix ordering: natural
    factor fill ratio given 1., needed 1.
      Factored matrix follows:
        Mat Object: 1 MPI process
          type: seqsbaij
          rows=274625, cols=274625
          package used to perform factorization: petsc
          total: nonzeros=1085825, allocated nonzeros=1085825
              block size is 1
  linear system matrix = precond matrix:
  Mat Object: 1 MPI process
    type: seqaij
    rows=274625, cols=274625
    total: nonzeros=1897025, allocated nonzeros=1897025
    total number of mallocs used during MatSetValues calls=0
      not using I-node routines
problem manuexp on 65 x 65 x 65 point 3D grid:
  error |u-uexact|_inf = 1.600e-04, |u-uexact|_h = 3.821e-05
****************************************************************************************************************************************************************
***                                WIDEN YOUR WINDOW TO 160 CHARACTERS.  Use 'enscript -r -fCourier9' to print this document                                 ***
****************************************************************************************************************************************************************

------------------------------------------------------------------ PETSc Performance Summary: ------------------------------------------------------------------

./fish on a arch-cuda-opt named localhost.localdomain with 1 process, by luohao on Wed Nov  6 18:26:07 2024
Using Petsc Release Version 3.22.1, Oct 28, 2024 

                         Max       Max/Min     Avg       Total
Time (sec):           1.819e+00     1.000   1.819e+00
Objects:              0.000e+00     0.000   0.000e+00
Flops:                5.992e+08     1.000   5.992e+08  5.992e+08
Flops/sec:            3.295e+08     1.000   3.295e+08  3.295e+08
MPI Msg Count:        0.000e+00     0.000   0.000e+00  0.000e+00
MPI Msg Len (bytes):  0.000e+00     0.000   0.000e+00  0.000e+00
MPI Reductions:       0.000e+00     0.000

Flop counting convention: 1 flop = 1 real number operation of type (multiply/divide/add/subtract)
                            e.g., VecAXPY() for real vectors of length N --> 2N flops
                            and VecAXPY() for complex vectors of length N --> 8N flops

Summary of Stages:   ----- Time ------  ----- Flop ------  --- Messages ---  -- Message Lengths --  -- Reductions --
                        Avg     %Total     Avg     %Total    Count   %Total     Avg         %Total    Count   %Total
 0:      Main Stage: 1.8187e+00 100.0%  5.9920e+08 100.0%  0.000e+00   0.0%  0.000e+00        0.0%  0.000e+00   0.0%

------------------------------------------------------------------------------------------------------------------------
See the 'Profiling' chapter of the users' manual for details on interpreting output.
Phase summary info:
   Count: number of times phase was executed
   Time and Flop: Max - maximum over all processors
                  Ratio - ratio of maximum to minimum over all processors
   Mess: number of messages sent
   AvgLen: average message length (bytes)
   Reduct: number of global reductions
   Global: entire computation
   Stage: stages of a computation. Set stages with PetscLogStagePush() and PetscLogStagePop().
      %T - percent time in this phase         %F - percent flop in this phase
      %M - percent messages in this phase     %L - percent message lengths in this phase
      %R - percent reductions in this phase
   Total Mflop/s: 10e-6 * (sum of flop over all processors)/(max time over all processors)
   GPU Mflop/s: 10e-6 * (sum of flop on GPU over all processors)/(max GPU time over all processors)
   CpuToGpu Count: total number of CPU to GPU copies per processor
   CpuToGpu Size (Mbytes): 10e-6 * (total size of CPU to GPU copies per processor)
   GpuToCpu Count: total number of GPU to CPU copies per processor
   GpuToCpu Size (Mbytes): 10e-6 * (total size of GPU to CPU copies per processor)
   GPU %F: percent flops on GPU in this event
------------------------------------------------------------------------------------------------------------------------
Event                Count      Time (sec)     Flop                              --- Global ---  --- Stage ----  Total   GPU    - CpuToGpu -   - GpuToCpu - GPU
                   Max Ratio  Max     Ratio   Max  Ratio  Mess   AvgLen  Reduct  %T %F %M %L %R  %T %F %M %L %R Mflop/s Mflop/s Count   Size   Count   Size  %F
---------------------------------------------------------------------------------------------------------------------------------------------------------------

--- Event Stage 0: Main Stage

BuildTwoSided          2 1.0 2.3743e-05 1.0 0.00e+00 0.0 0.0e+00 0.0e+00 0.0e+00  0  0  0  0  0   0  0  0  0  0     0       0      0 0.00e+00    0 0.00e+00  0
DMCreateMat            1 1.0 8.0555e-02 1.0 0.00e+00 0.0 0.0e+00 0.0e+00 0.0e+00  4  0  0  0  0   4  0  0  0  0     0       0      0 0.00e+00    0 0.00e+00  0
SFSetGraph             2 1.0 1.2344e-02 1.0 0.00e+00 0.0 0.0e+00 0.0e+00 0.0e+00  1  0  0  0  0   1  0  0  0  0     0       0      0 0.00e+00    0 0.00e+00  0
SFSetUp                2 1.0 9.2404e-03 1.0 0.00e+00 0.0 0.0e+00 0.0e+00 0.0e+00  1  0  0  0  0   1  0  0  0  0     0       0      0 0.00e+00    0 0.00e+00  0
SFPack                 3 1.0 7.8400e-07 1.0 0.00e+00 0.0 0.0e+00 0.0e+00 0.0e+00  0  0  0  0  0   0  0  0  0  0     0       0      0 0.00e+00    0 0.00e+00  0
SFUnpack               3 1.0 8.5300e-07 1.0 0.00e+00 0.0 0.0e+00 0.0e+00 0.0e+00  0  0  0  0  0   0  0  0  0  0     0       0      0 0.00e+00    0 0.00e+00  0
VecTDot              110 1.0 2.1153e-02 1.0 6.04e+07 1.0 0.0e+00 0.0e+00 0.0e+00  1 10  0  0  0   1 10  0  0  0  2856       0      0 0.00e+00    0 0.00e+00  0
VecNorm              113 1.0 2.3212e-02 1.0 6.15e+07 1.0 0.0e+00 0.0e+00 0.0e+00  1 10  0  0  0   1 10  0  0  0  2650       0      0 0.00e+00    0 0.00e+00  0
VecCopy               57 1.0 2.2738e-02 1.0 0.00e+00 0.0 0.0e+00 0.0e+00 0.0e+00  1  0  0  0  0   1  0  0  0  0     0       0      0 0.00e+00    0 0.00e+00  0
VecSet                 1 1.0 2.6742e-04 1.0 0.00e+00 0.0 0.0e+00 0.0e+00 0.0e+00  0  0  0  0  0   0  0  0  0  0     0       0      0 0.00e+00    0 0.00e+00  0
VecAXPY              110 1.0 2.3049e-02 1.0 6.04e+07 1.0 0.0e+00 0.0e+00 0.0e+00  1 10  0  0  0   1 10  0  0  0  2621       0      0 0.00e+00    0 0.00e+00  0
VecAYPX               53 1.0 2.2256e-02 1.0 2.91e+07 1.0 0.0e+00 0.0e+00 0.0e+00  1  5  0  0  0   1  5  0  0  0  1308       0      0 0.00e+00    0 0.00e+00  0
VecScatterBegin        3 1.0 1.8723e-03 1.0 0.00e+00 0.0 0.0e+00 0.0e+00 0.0e+00  0  0  0  0  0   0  0  0  0  0     0       0      0 0.00e+00    0 0.00e+00  0
VecScatterEnd          3 1.0 1.6779e-05 1.0 0.00e+00 0.0 0.0e+00 0.0e+00 0.0e+00  0  0  0  0  0   0  0  0  0  0     0       0      0 0.00e+00    0 0.00e+00  0
MatMult               54 1.0 1.4665e-01 1.0 1.90e+08 1.0 0.0e+00 0.0e+00 0.0e+00  8 32  0  0  0   8 32  0  0  0  1296       0      0 0.00e+00    0 0.00e+00  0
MatSolve              55 1.0 2.3677e-01 1.0 1.94e+08 1.0 0.0e+00 0.0e+00 0.0e+00 13 32  0  0  0  13 32  0  0  0   818       0      0 0.00e+00    0 0.00e+00  0
MatCholFctrNum         1 1.0 1.4888e-02 1.0 2.75e+05 1.0 0.0e+00 0.0e+00 0.0e+00  1  0  0  0  0   1  0  0  0  0    18       0      0 0.00e+00    0 0.00e+00  0
MatICCFactorSym        1 1.0 5.0405e-03 1.0 0.00e+00 0.0 0.0e+00 0.0e+00 0.0e+00  0  0  0  0  0   0  0  0  0  0     0       0      0 0.00e+00    0 0.00e+00  0
MatAssemblyBegin       2 1.0 2.4390e-06 1.0 0.00e+00 0.0 0.0e+00 0.0e+00 0.0e+00  0  0  0  0  0   0  0  0  0  0     0       0      0 0.00e+00    0 0.00e+00  0
MatAssemblyEnd         2 1.0 5.1703e-03 1.0 0.00e+00 0.0 0.0e+00 0.0e+00 0.0e+00  0  0  0  0  0   0  0  0  0  0     0       0      0 0.00e+00    0 0.00e+00  0
MatGetRowIJ            1 1.0 1.7330e-06 1.0 0.00e+00 0.0 0.0e+00 0.0e+00 0.0e+00  0  0  0  0  0   0  0  0  0  0     0       0      0 0.00e+00    0 0.00e+00  0
MatGetOrdering         1 1.0 1.6778e-03 1.0 0.00e+00 0.0 0.0e+00 0.0e+00 0.0e+00  0  0  0  0  0   0  0  0  0  0     0       0      0 0.00e+00    0 0.00e+00  0
MatView                2 1.0 9.2403e-05 1.0 0.00e+00 0.0 0.0e+00 0.0e+00 0.0e+00  0  0  0  0  0   0  0  0  0  0     0       0      0 0.00e+00    0 0.00e+00  0
KSPSetUp               1 1.0 2.1479e-03 1.0 0.00e+00 0.0 0.0e+00 0.0e+00 0.0e+00  0  0  0  0  0   0  0  0  0  0     0       0      0 0.00e+00    0 0.00e+00  0
KSPSolve               1 1.0 5.2744e-01 1.0 5.93e+08 1.0 0.0e+00 0.0e+00 0.0e+00 29 99  0  0  0  29 99  0  0  0  1125       0      0 0.00e+00    0 0.00e+00  0
SNESSolve              1 1.0 6.0163e-01 1.0 5.98e+08 1.0 0.0e+00 0.0e+00 0.0e+00 33 100  0  0  0  33 100  0  0  0   994       0      0 0.00e+00    0 0.00e+00  0
SNESSetUp              1 1.0 8.1577e-02 1.0 0.00e+00 0.0 0.0e+00 0.0e+00 0.0e+00  4  0  0  0  0   4  0  0  0  0     0       0      0 0.00e+00    0 0.00e+00  0
SNESFunctionEval       1 1.0 8.6588e-03 1.0 3.84e+06 1.0 0.0e+00 0.0e+00 0.0e+00  0  1  0  0  0   0  1  0  0  0   444       0      0 0.00e+00    0 0.00e+00  0
SNESJacobianEval       1 1.0 4.1079e-02 1.0 0.00e+00 0.0 0.0e+00 0.0e+00 0.0e+00  2  0  0  0  0   2  0  0  0  0     0       0      0 0.00e+00    0 0.00e+00  0
PCSetUp                1 1.0 2.1736e-02 1.0 2.75e+05 1.0 0.0e+00 0.0e+00 0.0e+00  1  0  0  0  0   1  0  0  0  0    13       0      0 0.00e+00    0 0.00e+00  0
PCApply               55 1.0 2.3684e-01 1.0 1.94e+08 1.0 0.0e+00 0.0e+00 0.0e+00 13 32  0  0  0  13 32  0  0  0   817       0      0 0.00e+00    0 0.00e+00  0
---------------------------------------------------------------------------------------------------------------------------------------------------------------

Object Type          Creations   Destructions. Reports information only for process 0.

--- Event Stage 0: Main Stage

           Container     3              3
    Distributed Mesh     2              2
           Index Set     9              9
   IS L to G Mapping     2              2
   Star Forest Graph     6              6
     Discrete System     2              2
           Weak Form     2              2
              Vector   127            127
                SNES     1              1
              DMSNES     1              1
       Krylov Solver     1              1
     DMKSP interface     1              1
              Matrix     3              3
      Preconditioner     1              1
              Viewer     1              1
========================================================================================================================
Average time to get PetscTime(): 2.54e-08
#PETSc Option Table entries:
-da_refine 5 # (source: command line)
-fsh_cx 1 # (source: command line)
-fsh_cy 1 # (source: command line)
-fsh_cz 1 # (source: command line)
-fsh_dim 3 # (source: command line)
-fsh_problem manuexp # (source: command line)
-initial_gonboundary 1 # (source: command line)
-ksp_converged_reason # (source: command line)
-ksp_max_it 2000 # (source: command line)
-ksp_monitor # (source: command line)
-ksp_monitor_true_residual # (source: command line)
-ksp_rtol 1e-5 # (source: command line)
-ksp_type cg # (source: command line)
-ksp_view # (source: command line)
-log_view # (source: command line)
-mat_type aij # (source: command line)
-pc_factor_levels 0 # (source: command line)
-pc_type icc # (source: command line)
#End of PETSc Option Table entries
Compiled without FORTRAN kernels
Compiled with full precision matrices (default)
sizeof(short) 2 sizeof(int) 4 sizeof(long) 8 sizeof(void*) 8 sizeof(PetscScalar) 8 sizeof(PetscInt) 4
Configure options: --with-debugging=no --with-cuda=1
-----------------------------------------
Libraries compiled on 2024-11-02 16:49:32 on localhost.localdomain 
Machine characteristics: Linux-3.10.0-1160.95.1.el7.x86_64-x86_64-with-centos-7.9.2009-Core
Using PETSc directory: /share/userfile/luohao/petsc-3.22.1
Using PETSc arch: arch-cuda-opt
-----------------------------------------

Using C compiler: mpicc  -fPIC -Wall -Wwrite-strings -Wno-unknown-pragmas -Wno-lto-type-mismatch -Wno-stringop-overflow -fstack-protector -fvisibility=hidden -Wall -Wwrite-strings -Wno-unknown-pragmas -Wno-lto-type-mismatch -Wno-stringop-overflow -fstack-protector -fvisibility=hidden -g -O  
Using Fortran compiler: mpif90  -fPIC -Wall -ffree-line-length-none -ffree-line-length-0 -Wno-lto-type-mismatch -Wno-unused-dummy-argument -Wall -ffree-line-length-none -ffree-line-length-0 -Wno-lto-type-mismatch -Wno-unused-dummy-argument -g -O    
-----------------------------------------

Using include paths: -I/share/userfile/luohao/petsc-3.22.1/include -I/share/userfile/luohao/petsc-3.22.1/arch-cuda-opt/include -I/share/software/cuda-12.4/include
-----------------------------------------

Using C linker: mpicc
Using Fortran linker: mpif90
Using libraries: -Wl,-rpath,/share/userfile/luohao/petsc-3.22.1/arch-cuda-opt/lib -L/share/userfile/luohao/petsc-3.22.1/arch-cuda-opt/lib -lpetsc -Wl,-rpath,/share/software/intel/mkl/lib/intel64 -L/share/software/intel/mkl/lib/intel64 -Wl,-rpath,/share/software/cuda-12.4/lib64 -L/share/software/cuda-12.4/lib64 -L/share/software/cuda-12.4/lib64/stubs -Wl,-rpath,/share/software/mpich-4.0.3/lib -L/share/software/mpich-4.0.3/lib -Wl,-rpath,/share/software/gcc-13.2.0/lib64 -L/share/software/gcc-13.2.0/lib64 -Wl,-rpath,/home/luohao/.local/lib64 -L/home/luohao/.local/lib64 -Wl,-rpath,/share/software/gcc-13.2.0/lib/gcc/x86_64-pc-linux-gnu/13.2.0 -L/share/software/gcc-13.2.0/lib/gcc/x86_64-pc-linux-gnu/13.2.0 -Wl,-rpath,/share/software/gcc-13.2.0/lib -L/share/software/gcc-13.2.0/lib -Wl,-rpath,/share/software/gdb/gdb-11.1/lib -L/share/software/gdb/gdb-11.1/lib -Wl,-rpath,/share/software/binutils/binutils-2.37/lib -L/share/software/binutils/binutils-2.37/lib -Wl,-rpath,/home/luohao/.local/lib -L/home/luohao/.local/lib -Wl,-rpath,/share/userfile/luohao/petsc-3.22.1 -L/share/userfile/luohao/petsc-3.22.1 -lmkl_intel_lp64 -lmkl_core -lmkl_sequential -lpthread -lm -lcudart -lnvToolsExt -lcufft -lcublas -lcusparse -lcusolver -lcurand -lcuda -lX11 -ldl -lmpifort -lmpi -lgfortran -lm -lgfortran -lm -lgcc_s -lquadmath -lstdc++ -lquadmath -ldl
-----------------------------------------

WARNING! There are options you set that were not used!
WARNING! could be spelling mistake, etc!
There is one unused database option. It is:
Option left: name:-initial_gonboundary value: 1 source: command line
