    0 KSP Residual norm 5.399494160066e+00
    0 KSP preconditioned resid norm 5.399494160066e+00 true resid norm 5.399494160066e+00 ||r(i)||/||b|| 1.000000000000e+00
    1 KSP Residual norm 2.786397783942e+00
    1 KSP preconditioned resid norm 2.786397783942e+00 true resid norm 2.786397783942e+00 ||r(i)||/||b|| 5.160479299246e-01
    2 KSP Residual norm 2.160927313414e+00
    2 KSP preconditioned resid norm 2.160927313414e+00 true resid norm 2.160927313414e+00 ||r(i)||/||b|| 4.002092139290e-01
    3 KSP Residual norm 1.794708991587e+00
    3 KSP preconditioned resid norm 1.794708991587e+00 true resid norm 1.794708991587e+00 ||r(i)||/||b|| 3.323846527811e-01
    4 KSP Residual norm 1.515732081517e+00
    4 KSP preconditioned resid norm 1.515732081517e+00 true resid norm 1.515732081517e+00 ||r(i)||/||b|| 2.807174221480e-01
    5 KSP Residual norm 1.401695076757e+00
    5 KSP preconditioned resid norm 1.401695076757e+00 true resid norm 1.401695076757e+00 ||r(i)||/||b|| 2.595974799129e-01
    6 KSP Residual norm 1.241945566968e+00
    6 KSP preconditioned resid norm 1.241945566968e+00 true resid norm 1.241945566968e+00 ||r(i)||/||b|| 2.300114659172e-01
    7 KSP Residual norm 1.081056020702e+00
    7 KSP preconditioned resid norm 1.081056020702e+00 true resid norm 1.081056020702e+00 ||r(i)||/||b|| 2.002143142774e-01
    8 KSP Residual norm 1.027571044973e+00
    8 KSP preconditioned resid norm 1.027571044973e+00 true resid norm 1.027571044973e+00 ||r(i)||/||b|| 1.903087612490e-01
    9 KSP Residual norm 9.028789905406e-01
    9 KSP preconditioned resid norm 9.028789905406e-01 true resid norm 9.028789905406e-01 ||r(i)||/||b|| 1.672154768160e-01
   10 KSP Residual norm 8.458971327261e-01
   10 KSP preconditioned resid norm 8.458971327261e-01 true resid norm 8.458971327261e-01 ||r(i)||/||b|| 1.566622923648e-01
   11 KSP Residual norm 7.843096693631e-01
   11 KSP preconditioned resid norm 7.843096693631e-01 true resid norm 7.843096693631e-01 ||r(i)||/||b|| 1.452561380960e-01
   12 KSP Residual norm 7.139486334549e-01
   12 KSP preconditioned resid norm 7.139486334549e-01 true resid norm 7.139486334549e-01 ||r(i)||/||b|| 1.322250959609e-01
   13 KSP Residual norm 6.821397978474e-01
   13 KSP preconditioned resid norm 6.821397978474e-01 true resid norm 6.821397978474e-01 ||r(i)||/||b|| 1.263340190073e-01
   14 KSP Residual norm 6.248760801662e-01
   14 KSP preconditioned resid norm 6.248760801662e-01 true resid norm 6.248760801662e-01 ||r(i)||/||b|| 1.157286333945e-01
   15 KSP Residual norm 5.913199246050e-01
   15 KSP preconditioned resid norm 5.913199246050e-01 true resid norm 5.913199246050e-01 ||r(i)||/||b|| 1.095139483580e-01
   16 KSP Residual norm 5.580212685239e-01
   16 KSP preconditioned resid norm 5.580212685239e-01 true resid norm 5.580212685239e-01 ||r(i)||/||b|| 1.033469528777e-01
   17 KSP Residual norm 5.191417514257e-01
   17 KSP preconditioned resid norm 5.191417514257e-01 true resid norm 5.191417514257e-01 ||r(i)||/||b|| 9.614636779593e-02
   18 KSP Residual norm 4.981900477373e-01
   18 KSP preconditioned resid norm 4.981900477373e-01 true resid norm 4.981900477373e-01 ||r(i)||/||b|| 9.226605918418e-02
   19 KSP Residual norm 4.656092944688e-01
   19 KSP preconditioned resid norm 4.656092944688e-01 true resid norm 4.656092944688e-01 ||r(i)||/||b|| 8.623202112383e-02
   20 KSP Residual norm 4.434352401720e-01
   20 KSP preconditioned resid norm 4.434352401720e-01 true resid norm 4.434352401720e-01 ||r(i)||/||b|| 8.212533008213e-02
   21 KSP Residual norm 4.226314529947e-01
   21 KSP preconditioned resid norm 4.226314529947e-01 true resid norm 4.226314529947e-01 ||r(i)||/||b|| 7.827241598305e-02
   22 KSP Residual norm 3.979308308636e-01
   22 KSP preconditioned resid norm 3.979308308636e-01 true resid norm 3.979308308636e-01 ||r(i)||/||b|| 7.369779817648e-02
   23 KSP Residual norm 3.831225536337e-01
   23 KSP preconditioned resid norm 3.831225536337e-01 true resid norm 3.831225536337e-01 ||r(i)||/||b|| 7.095526771142e-02
   24 KSP Residual norm 3.622664462400e-01
   24 KSP preconditioned resid norm 3.622664462400e-01 true resid norm 3.622664462400e-01 ||r(i)||/||b|| 6.709266377567e-02
   25 KSP Residual norm 3.464441626369e-01
   25 KSP preconditioned resid norm 3.464441626369e-01 true resid norm 3.464441626369e-01 ||r(i)||/||b|| 6.416233676095e-02
   26 KSP Residual norm 3.322754098306e-01
   26 KSP preconditioned resid norm 3.322754098306e-01 true resid norm 3.322754098306e-01 ||r(i)||/||b|| 6.153824783960e-02
   27 KSP Residual norm 3.152182591200e-01
   27 KSP preconditioned resid norm 3.152182591200e-01 true resid norm 3.152182591200e-01 ||r(i)||/||b|| 5.837922030758e-02
   28 KSP Residual norm 3.041755502067e-01
   28 KSP preconditioned resid norm 3.041755502067e-01 true resid norm 3.041755502067e-01 ||r(i)||/||b|| 5.633408263617e-02
   29 KSP Residual norm 2.898098970841e-01
   29 KSP preconditioned resid norm 2.898098970841e-01 true resid norm 2.898098970841e-01 ||r(i)||/||b|| 5.367352727732e-02
   30 KSP Residual norm 2.779273096497e-01
   30 KSP preconditioned resid norm 2.779273096497e-01 true resid norm 2.779273096497e-01 ||r(i)||/||b|| 5.147284197568e-02
   31 KSP Residual norm 2.676853234969e-01
   31 KSP preconditioned resid norm 2.676853234969e-01 true resid norm 2.676853234969e-01 ||r(i)||/||b|| 4.957600018843e-02
   32 KSP Residual norm 2.552578461412e-01
   32 KSP preconditioned resid norm 2.552578461412e-01 true resid norm 2.552578461412e-01 ||r(i)||/||b|| 4.727439989268e-02
   33 KSP Residual norm 2.466835023618e-01
   33 KSP preconditioned resid norm 2.466835023618e-01 true resid norm 2.466835023618e-01 ||r(i)||/||b|| 4.568640969856e-02
   34 KSP Residual norm 2.362787640478e-01
   34 KSP preconditioned resid norm 2.362787640478e-01 true resid norm 2.362787640478e-01 ||r(i)||/||b|| 4.375942579867e-02
   35 KSP Residual norm 2.270351049721e-01
   35 KSP preconditioned resid norm 2.270351049721e-01 true resid norm 2.270351049721e-01 ||r(i)||/||b|| 4.204747671572e-02
   36 KSP Residual norm 2.192938006821e-01
   36 KSP preconditioned resid norm 2.192938006821e-01 true resid norm 2.192938006821e-01 ||r(i)||/||b|| 4.061376754584e-02
   37 KSP Residual norm 2.098999964801e-01
   37 KSP preconditioned resid norm 2.098999964801e-01 true resid norm 2.098999964801e-01 ||r(i)||/||b|| 3.887401120507e-02
   38 KSP Residual norm 2.030350599192e-01
   38 KSP preconditioned resid norm 2.030350599192e-01 true resid norm 2.030350599192e-01 ||r(i)||/||b|| 3.760260755921e-02
   39 KSP Residual norm 1.952128857821e-01
   39 KSP preconditioned resid norm 1.952128857821e-01 true resid norm 1.952128857821e-01 ||r(i)||/||b|| 3.615392108873e-02
   40 KSP Residual norm 1.878394876194e-01
   40 KSP preconditioned resid norm 1.878394876194e-01 true resid norm 1.878394876194e-01 ||r(i)||/||b|| 3.478834906586e-02
   41 KSP Residual norm 1.817786883599e-01
   41 KSP preconditioned resid norm 1.817786883599e-01 true resid norm 1.817786883599e-01 ||r(i)||/||b|| 3.366587368577e-02
   42 KSP Residual norm 1.744848218389e-01
   42 KSP preconditioned resid norm 1.744848218389e-01 true resid norm 1.744848218389e-01 ||r(i)||/||b|| 3.231503112447e-02
   43 KSP Residual norm 1.688582286065e-01
   43 KSP preconditioned resid norm 1.688582286065e-01 true resid norm 1.688582286065e-01 ||r(i)||/||b|| 3.127297180082e-02
   44 KSP Residual norm 1.628013254583e-01
   44 KSP preconditioned resid norm 1.628013254583e-01 true resid norm 1.628013254583e-01 ||r(i)||/||b|| 3.015121799045e-02
   45 KSP Residual norm 1.568122101706e-01
   45 KSP preconditioned resid norm 1.568122101706e-01 true resid norm 1.568122101706e-01 ||r(i)||/||b|| 2.904201866359e-02
   46 KSP Residual norm 1.519403524930e-01
   46 KSP preconditioned resid norm 1.519403524930e-01 true resid norm 1.519403524930e-01 ||r(i)||/||b|| 2.813973827710e-02
   47 KSP Residual norm 1.462065850509e-01
   47 KSP preconditioned resid norm 1.462065850509e-01 true resid norm 1.462065850509e-01 ||r(i)||/||b|| 2.707783001827e-02
   48 KSP Residual norm 1.416901544600e-01
   48 KSP preconditioned resid norm 1.416901544600e-01 true resid norm 1.416901544600e-01 ||r(i)||/||b|| 2.624137562884e-02
   49 KSP Residual norm 1.374365385062e-01
   49 KSP preconditioned resid norm 1.374365385062e-01 true resid norm 1.374365385062e-01 ||r(i)||/||b|| 2.545359517612e-02
   50 KSP Residual norm 1.339231809076e-01
   50 KSP preconditioned resid norm 1.339231809076e-01 true resid norm 1.339231809076e-01 ||r(i)||/||b|| 2.480291244652e-02
   51 KSP Residual norm 1.329486420570e-01
   51 KSP preconditioned resid norm 1.329486420570e-01 true resid norm 1.329486420570e-01 ||r(i)||/||b|| 2.462242538205e-02
   52 KSP Residual norm 1.334588505888e-01
   52 KSP preconditioned resid norm 1.334588505888e-01 true resid norm 1.334588505888e-01 ||r(i)||/||b|| 2.471691729493e-02
   53 KSP Residual norm 1.361065940406e-01
   53 KSP preconditioned resid norm 1.361065940406e-01 true resid norm 1.361065940406e-01 ||r(i)||/||b|| 2.520728609121e-02
   54 KSP Residual norm 1.370202276004e-01
   54 KSP preconditioned resid norm 1.370202276004e-01 true resid norm 1.370202276004e-01 ||r(i)||/||b|| 2.537649334150e-02
   55 KSP Residual norm 1.311482734792e-01
   55 KSP preconditioned resid norm 1.311482734792e-01 true resid norm 1.311482734792e-01 ||r(i)||/||b|| 2.428899255956e-02
   56 KSP Residual norm 1.187478834150e-01
   56 KSP preconditioned resid norm 1.187478834150e-01 true resid norm 1.187478834150e-01 ||r(i)||/||b|| 2.199240889882e-02
   57 KSP Residual norm 1.045441875742e-01
   57 KSP preconditioned resid norm 1.045441875742e-01 true resid norm 1.045441875742e-01 ||r(i)||/||b|| 1.936184843896e-02
   58 KSP Residual norm 9.646695413676e-02
   58 KSP preconditioned resid norm 9.646695413676e-02 true resid norm 9.646695413676e-02 ||r(i)||/||b|| 1.786592433977e-02
   59 KSP Residual norm 9.525827504081e-02
   59 KSP preconditioned resid norm 9.525827504081e-02 true resid norm 9.525827504081e-02 ||r(i)||/||b|| 1.764207390857e-02
   60 KSP Residual norm 9.438043449445e-02
   60 KSP preconditioned resid norm 9.438043449445e-02 true resid norm 9.438043449445e-02 ||r(i)||/||b|| 1.747949561507e-02
   61 KSP Residual norm 8.850133128794e-02
   61 KSP preconditioned resid norm 8.850133128794e-02 true resid norm 8.850133128794e-02 ||r(i)||/||b|| 1.639067080440e-02
   62 KSP Residual norm 8.035176079167e-02
   62 KSP preconditioned resid norm 8.035176079167e-02 true resid norm 8.035176079167e-02 ||r(i)||/||b|| 1.488134969863e-02
   63 KSP Residual norm 7.680069506963e-02
   63 KSP preconditioned resid norm 7.680069506963e-02 true resid norm 7.680069506963e-02 ||r(i)||/||b|| 1.422368332901e-02
   64 KSP Residual norm 7.631474930313e-02
   64 KSP preconditioned resid norm 7.631474930313e-02 true resid norm 7.631474930313e-02 ||r(i)||/||b|| 1.413368494174e-02
   65 KSP Residual norm 7.233548172641e-02
   65 KSP preconditioned resid norm 7.233548172641e-02 true resid norm 7.233548172641e-02 ||r(i)||/||b|| 1.339671450363e-02
   66 KSP Residual norm 6.658156779213e-02
   66 KSP preconditioned resid norm 6.658156779213e-02 true resid norm 6.658156779213e-02 ||r(i)||/||b|| 1.233107506339e-02
   67 KSP Residual norm 6.385570768151e-02
   67 KSP preconditioned resid norm 6.385570768151e-02 true resid norm 6.385570768151e-02 ||r(i)||/||b|| 1.182623886396e-02
   68 KSP Residual norm 6.280026232028e-02
   68 KSP preconditioned resid norm 6.280026232028e-02 true resid norm 6.280026232028e-02 ||r(i)||/||b|| 1.163076770871e-02
   69 KSP Residual norm 5.907794498266e-02
   69 KSP preconditioned resid norm 5.907794498266e-02 true resid norm 5.907794498266e-02 ||r(i)||/||b|| 1.094138510596e-02
   70 KSP Residual norm 5.484990055336e-02
   70 KSP preconditioned resid norm 5.484990055336e-02 true resid norm 5.484990055336e-02 ||r(i)||/||b|| 1.015834056438e-02
   71 KSP Residual norm 5.354381287441e-02
   71 KSP preconditioned resid norm 5.354381287441e-02 true resid norm 5.354381287441e-02 ||r(i)||/||b|| 9.916449816801e-03
   72 KSP Residual norm 5.165698791350e-02
   72 KSP preconditioned resid norm 5.165698791350e-02 true resid norm 5.165698791350e-02 ||r(i)||/||b|| 9.567005053092e-03
   73 KSP Residual norm 4.787105888660e-02
   73 KSP preconditioned resid norm 4.787105888660e-02 true resid norm 4.787105888660e-02 ||r(i)||/||b|| 8.865841404302e-03
   74 KSP Residual norm 4.578254902506e-02
   74 KSP preconditioned resid norm 4.578254902506e-02 true resid norm 4.578254902506e-02 ||r(i)||/||b|| 8.479044085956e-03
   75 KSP Residual norm 4.458107606366e-02
   75 KSP preconditioned resid norm 4.458107606366e-02 true resid norm 4.458107606366e-02 ||r(i)||/||b|| 8.256528249141e-03
   76 KSP Residual norm 4.189715812556e-02
   76 KSP preconditioned resid norm 4.189715812556e-02 true resid norm 4.189715812556e-02 ||r(i)||/||b|| 7.759459846336e-03
   77 KSP Residual norm 3.960056918593e-02
   77 KSP preconditioned resid norm 3.960056918593e-02 true resid norm 3.960056918593e-02 ||r(i)||/||b|| 7.334125755485e-03
   78 KSP Residual norm 3.872322100888e-02
   78 KSP preconditioned resid norm 3.872322100888e-02 true resid norm 3.872322100888e-02 ||r(i)||/||b|| 7.171638650018e-03
   79 KSP Residual norm 3.692585241644e-02
   79 KSP preconditioned resid norm 3.692585241644e-02 true resid norm 3.692585241644e-02 ||r(i)||/||b|| 6.838761432420e-03
   80 KSP Residual norm 3.465927741792e-02
   80 KSP preconditioned resid norm 3.465927741792e-02 true resid norm 3.465927741792e-02 ||r(i)||/||b|| 6.418985999514e-03
   81 KSP Residual norm 3.377897378354e-02
   81 KSP preconditioned resid norm 3.377897378354e-02 true resid norm 3.377897378354e-02 ||r(i)||/||b|| 6.255951535862e-03
   82 KSP Residual norm 3.239565901846e-02
   82 KSP preconditioned resid norm 3.239565901846e-02 true resid norm 3.239565901846e-02 ||r(i)||/||b|| 5.999758136244e-03
   83 KSP Residual norm 3.036668096973e-02
   83 KSP preconditioned resid norm 3.036668096973e-02 true resid norm 3.036668096973e-02 ||r(i)||/||b|| 5.623986260476e-03
   84 KSP Residual norm 2.948848391230e-02
   84 KSP preconditioned resid norm 2.948848391230e-02 true resid norm 2.948848391230e-02 ||r(i)||/||b|| 5.461341940211e-03
   85 KSP Residual norm 2.830789348477e-02
   85 KSP preconditioned resid norm 2.830789348477e-02 true resid norm 2.830789348477e-02 ||r(i)||/||b|| 5.242693601584e-03
   86 KSP Residual norm 2.658231556541e-02
   86 KSP preconditioned resid norm 2.658231556541e-02 true resid norm 2.658231556541e-02 ||r(i)||/||b|| 4.923112198548e-03
   87 KSP Residual norm 2.570563727954e-02
   87 KSP preconditioned resid norm 2.570563727954e-02 true resid norm 2.570563727954e-02 ||r(i)||/||b|| 4.760749158626e-03
   88 KSP Residual norm 2.464883191653e-02
   88 KSP preconditioned resid norm 2.464883191653e-02 true resid norm 2.464883191653e-02 ||r(i)||/||b|| 4.565026127601e-03
   89 KSP Residual norm 2.321627279617e-02
   89 KSP preconditioned resid norm 2.321627279617e-02 true resid norm 2.321627279617e-02 ||r(i)||/||b|| 4.299712548608e-03
   90 KSP Residual norm 2.232057874672e-02
   90 KSP preconditioned resid norm 2.232057874672e-02 true resid norm 2.232057874672e-02 ||r(i)||/||b|| 4.133827741088e-03
   91 KSP Residual norm 2.142178701732e-02
   91 KSP preconditioned resid norm 2.142178701732e-02 true resid norm 2.142178701732e-02 ||r(i)||/||b|| 3.967369235392e-03
   92 KSP Residual norm 2.016239583496e-02
   92 KSP preconditioned resid norm 2.016239583496e-02 true resid norm 2.016239583496e-02 ||r(i)||/||b|| 3.734126797299e-03
   93 KSP Residual norm 1.931723240767e-02
   93 KSP preconditioned resid norm 1.931723240767e-02 true resid norm 1.931723240767e-02 ||r(i)||/||b|| 3.577600389039e-03
   94 KSP Residual norm 1.855844334038e-02
   94 KSP preconditioned resid norm 1.855844334038e-02 true resid norm 1.855844334038e-02 ||r(i)||/||b|| 3.437070731113e-03
   95 KSP Residual norm 1.736979696120e-02
   95 KSP preconditioned resid norm 1.736979696120e-02 true resid norm 1.736979696120e-02 ||r(i)||/||b|| 3.216930409827e-03
   96 KSP Residual norm 1.670247369438e-02
   96 KSP preconditioned resid norm 1.670247369438e-02 true resid norm 1.670247369438e-02 ||r(i)||/||b|| 3.093340449910e-03
   97 KSP Residual norm 1.592888415077e-02
   97 KSP preconditioned resid norm 1.592888415077e-02 true resid norm 1.592888415077e-02 ||r(i)||/||b|| 2.950069706266e-03
   98 KSP Residual norm 1.490817768490e-02
   98 KSP preconditioned resid norm 1.490817768490e-02 true resid norm 1.490817768490e-02 ||r(i)||/||b|| 2.761032282460e-03
   99 KSP Residual norm 1.434806807602e-02
   99 KSP preconditioned resid norm 1.434806807602e-02 true resid norm 1.434806807602e-02 ||r(i)||/||b|| 2.657298563657e-03
  100 KSP Residual norm 1.354864679843e-02
  100 KSP preconditioned resid norm 1.354864679843e-02 true resid norm 1.354864679843e-02 ||r(i)||/||b|| 2.509243717427e-03
  101 KSP Residual norm 1.273723030974e-02
  101 KSP preconditioned resid norm 1.273723030974e-02 true resid norm 1.273723030974e-02 ||r(i)||/||b|| 2.358967327707e-03
  102 KSP Residual norm 1.214653129253e-02
  102 KSP preconditioned resid norm 1.214653129253e-02 true resid norm 1.214653129253e-02 ||r(i)||/||b|| 2.249568372971e-03
  103 KSP Residual norm 1.140596016960e-02
  103 KSP preconditioned resid norm 1.140596016960e-02 true resid norm 1.140596016960e-02 ||r(i)||/||b|| 2.112412724502e-03
  104 KSP Residual norm 1.058411319766e-02
  104 KSP preconditioned resid norm 1.058411319766e-02 true resid norm 1.058411319766e-02 ||r(i)||/||b|| 1.960204582854e-03
  105 KSP Residual norm 9.895409512252e-03
  105 KSP preconditioned resid norm 9.895409512252e-03 true resid norm 9.895409512252e-03 ||r(i)||/||b|| 1.832654915239e-03
  106 KSP Residual norm 8.894322267379e-03
  106 KSP preconditioned resid norm 8.894322267379e-03 true resid norm 8.894322267379e-03 ||r(i)||/||b|| 1.647251020875e-03
  107 KSP Residual norm 7.828347425820e-03
  107 KSP preconditioned resid norm 7.828347425820e-03 true resid norm 7.828347425820e-03 ||r(i)||/||b|| 1.449829779189e-03
  108 KSP Residual norm 6.729845913247e-03
  108 KSP preconditioned resid norm 6.729845913247e-03 true resid norm 6.729845913247e-03 ||r(i)||/||b|| 1.246384515613e-03
  109 KSP Residual norm 5.553802803279e-03
  109 KSP preconditioned resid norm 5.553802803279e-03 true resid norm 5.553802803279e-03 ||r(i)||/||b|| 1.028578351719e-03
  110 KSP Residual norm 4.577246969040e-03
  110 KSP preconditioned resid norm 4.577246969040e-03 true resid norm 4.577246969040e-03 ||r(i)||/||b|| 8.477177367637e-04
  111 KSP Residual norm 3.928616739742e-03
  111 KSP preconditioned resid norm 3.928616739742e-03 true resid norm 3.928616739742e-03 ||r(i)||/||b|| 7.275897747604e-04
  112 KSP Residual norm 3.542647280584e-03
  112 KSP preconditioned resid norm 3.542647280584e-03 true resid norm 3.542647280584e-03 ||r(i)||/||b|| 6.561072529321e-04
  113 KSP Residual norm 3.502260969740e-03
  113 KSP preconditioned resid norm 3.502260969740e-03 true resid norm 3.502260969740e-03 ||r(i)||/||b|| 6.486276058306e-04
  114 KSP Residual norm 3.584985747601e-03
  114 KSP preconditioned resid norm 3.584985747601e-03 true resid norm 3.584985747601e-03 ||r(i)||/||b|| 6.639484443033e-04
  115 KSP Residual norm 3.473154909401e-03
  115 KSP preconditioned resid norm 3.473154909401e-03 true resid norm 3.473154909401e-03 ||r(i)||/||b|| 6.432370897052e-04
  116 KSP Residual norm 3.106190327809e-03
  116 KSP preconditioned resid norm 3.106190327809e-03 true resid norm 3.106190327809e-03 ||r(i)||/||b|| 5.752743193578e-04
  117 KSP Residual norm 2.620575086367e-03
  117 KSP preconditioned resid norm 2.620575086367e-03 true resid norm 2.620575086367e-03 ||r(i)||/||b|| 4.853371461623e-04
  118 KSP Residual norm 2.279220454040e-03
  118 KSP preconditioned resid norm 2.279220454040e-03 true resid norm 2.279220454040e-03 ||r(i)||/||b|| 4.221174033110e-04
  119 KSP Residual norm 2.233431891884e-03
  119 KSP preconditioned resid norm 2.233431891884e-03 true resid norm 2.233431891884e-03 ||r(i)||/||b|| 4.136372455780e-04
  120 KSP Residual norm 2.278570733766e-03
  120 KSP preconditioned resid norm 2.278570733766e-03 true resid norm 2.278570733766e-03 ||r(i)||/||b|| 4.219970734699e-04
  121 KSP Residual norm 2.194358816375e-03
  121 KSP preconditioned resid norm 2.194358816375e-03 true resid norm 2.194358816375e-03 ||r(i)||/||b|| 4.064008129880e-04
  122 KSP Residual norm 1.955530799224e-03
  122 KSP preconditioned resid norm 1.955530799224e-03 true resid norm 1.955530799224e-03 ||r(i)||/||b|| 3.621692590552e-04
  123 KSP Residual norm 1.717485690475e-03
  123 KSP preconditioned resid norm 1.717485690475e-03 true resid norm 1.717485690475e-03 ||r(i)||/||b|| 3.180827017421e-04
  124 KSP Residual norm 1.648767087161e-03
  124 KSP preconditioned resid norm 1.648767087161e-03 true resid norm 1.648767087161e-03 ||r(i)||/||b|| 3.053558422851e-04
  125 KSP Residual norm 1.631058022295e-03
  125 KSP preconditioned resid norm 1.631058022295e-03 true resid norm 1.631058022295e-03 ||r(i)||/||b|| 3.020760785997e-04
  126 KSP Residual norm 1.472811874963e-03
  126 KSP preconditioned resid norm 1.472811874963e-03 true resid norm 1.472811874963e-03 ||r(i)||/||b|| 2.727684911405e-04
  127 KSP Residual norm 1.270999722986e-03
  127 KSP preconditioned resid norm 1.270999722986e-03 true resid norm 1.270999722986e-03 ||r(i)||/||b|| 2.353923692308e-04
  128 KSP Residual norm 1.161127935026e-03
  128 KSP preconditioned resid norm 1.161127935026e-03 true resid norm 1.161127935026e-03 ||r(i)||/||b|| 2.150438357010e-04
  129 KSP Residual norm 1.130694157599e-03
  129 KSP preconditioned resid norm 1.130694157599e-03 true resid norm 1.130694157599e-03 ||r(i)||/||b|| 2.094074230068e-04
  130 KSP Residual norm 1.066406380052e-03
  130 KSP preconditioned resid norm 1.066406380052e-03 true resid norm 1.066406380052e-03 ||r(i)||/||b|| 1.975011637088e-04
  131 KSP Residual norm 9.129830782279e-04
  131 KSP preconditioned resid norm 9.129830782279e-04 true resid norm 9.129830782279e-04 ||r(i)||/||b|| 1.690867794580e-04
  132 KSP Residual norm 8.095849821193e-04
  132 KSP preconditioned resid norm 8.095849821193e-04 true resid norm 8.095849821193e-04 ||r(i)||/||b|| 1.499371900625e-04
  133 KSP Residual norm 7.851375751182e-04
  133 KSP preconditioned resid norm 7.851375751182e-04 true resid norm 7.851375751182e-04 ||r(i)||/||b|| 1.454094683396e-04
  134 KSP Residual norm 7.311523059842e-04
  134 KSP preconditioned resid norm 7.311523059842e-04 true resid norm 7.311523059842e-04 ||r(i)||/||b|| 1.354112597050e-04
  135 KSP Residual norm 6.324296125915e-04
  135 KSP preconditioned resid norm 6.324296125915e-04 true resid norm 6.324296125915e-04 ||r(i)||/||b|| 1.171275667393e-04
  136 KSP Residual norm 5.650862367250e-04
  136 KSP preconditioned resid norm 5.650862367250e-04 true resid norm 5.650862367250e-04 ||r(i)||/||b|| 1.046554028902e-04
  137 KSP Residual norm 5.401508059256e-04
  137 KSP preconditioned resid norm 5.401508059256e-04 true resid norm 5.401508059256e-04 ||r(i)||/||b|| 1.000372979233e-04
  138 KSP Residual norm 5.013171727308e-04
  138 KSP preconditioned resid norm 5.013171727308e-04 true resid norm 5.013171727308e-04 ||r(i)||/||b|| 9.284521065668e-05
  139 KSP Residual norm 4.333878396743e-04
  139 KSP preconditioned resid norm 4.333878396743e-04 true resid norm 4.333878396743e-04 ||r(i)||/||b|| 8.026452605128e-05
  140 KSP Residual norm 3.929772231400e-04
  140 KSP preconditioned resid norm 3.929772231400e-04 true resid norm 3.929772231400e-04 ||r(i)||/||b|| 7.278037747432e-05
  141 KSP Residual norm 3.805373489005e-04
  141 KSP preconditioned resid norm 3.805373489005e-04 true resid norm 3.805373489005e-04 ||r(i)||/||b|| 7.047648124429e-05
  142 KSP Residual norm 3.430476885145e-04
  142 KSP preconditioned resid norm 3.430476885145e-04 true resid norm 3.430476885145e-04 ||r(i)||/||b|| 6.353330114728e-05
  143 KSP Residual norm 3.013379705855e-04
  143 KSP preconditioned resid norm 3.013379705855e-04 true resid norm 3.013379705855e-04 ||r(i)||/||b|| 5.580855570031e-05
  144 KSP Residual norm 2.864274592387e-04
  144 KSP preconditioned resid norm 2.864274592387e-04 true resid norm 2.864274592387e-04 ||r(i)||/||b|| 5.304709121775e-05
  145 KSP Residual norm 2.733061588040e-04
  145 KSP preconditioned resid norm 2.733061588040e-04 true resid norm 2.733061588040e-04 ||r(i)||/||b|| 5.061699312972e-05
  146 KSP Residual norm 2.458775737193e-04
  146 KSP preconditioned resid norm 2.458775737193e-04 true resid norm 2.458775737193e-04 ||r(i)||/||b|| 4.553714967187e-05
  147 KSP Residual norm 2.265710879158e-04
  147 KSP preconditioned resid norm 2.265710879158e-04 true resid norm 2.265710879158e-04 ||r(i)||/||b|| 4.196153958114e-05
  148 KSP Residual norm 2.222874148078e-04
  148 KSP preconditioned resid norm 2.222874148078e-04 true resid norm 2.222874148078e-04 ||r(i)||/||b|| 4.116819246732e-05
  149 KSP Residual norm 2.103529606735e-04
  149 KSP preconditioned resid norm 2.103529606735e-04 true resid norm 2.103529606735e-04 ||r(i)||/||b|| 3.895790132143e-05
  150 KSP Residual norm 1.914510401352e-04
  150 KSP preconditioned resid norm 1.914510401352e-04 true resid norm 1.914510401352e-04 ||r(i)||/||b|| 3.545721774295e-05
  151 KSP Residual norm 1.857774042226e-04
  151 KSP preconditioned resid norm 1.857774042226e-04 true resid norm 1.857774042226e-04 ||r(i)||/||b|| 3.440644599573e-05
  152 KSP Residual norm 1.810776121693e-04
  152 KSP preconditioned resid norm 1.810776121693e-04 true resid norm 1.810776121693e-04 ||r(i)||/||b|| 3.353603259885e-05
  153 KSP Residual norm 1.633036820195e-04
  153 KSP preconditioned resid norm 1.633036820195e-04 true resid norm 1.633036820195e-04 ||r(i)||/||b|| 3.024425569847e-05
  154 KSP Residual norm 1.523661396841e-04
  154 KSP preconditioned resid norm 1.523661396841e-04 true resid norm 1.523661396841e-04 ||r(i)||/||b|| 2.821859514378e-05
  155 KSP Residual norm 1.478995458658e-04
  155 KSP preconditioned resid norm 1.478995458658e-04 true resid norm 1.478995458658e-04 ||r(i)||/||b|| 2.739137065091e-05
  156 KSP Residual norm 1.348711464671e-04
  156 KSP preconditioned resid norm 1.348711464671e-04 true resid norm 1.348711464671e-04 ||r(i)||/||b|| 2.497847807014e-05
  157 KSP Residual norm 1.244079101130e-04
  157 KSP preconditioned resid norm 1.244079101130e-04 true resid norm 1.244079101130e-04 ||r(i)||/||b|| 2.304066018500e-05
  158 KSP Residual norm 1.205741472246e-04
  158 KSP preconditioned resid norm 1.205741472246e-04 true resid norm 1.205741472246e-04 ||r(i)||/||b|| 2.233063758386e-05
  159 KSP Residual norm 1.116874827358e-04
  159 KSP preconditioned resid norm 1.116874827358e-04 true resid norm 1.116874827358e-04 ||r(i)||/||b|| 2.068480480299e-05
  160 KSP Residual norm 9.980315260149e-05
  160 KSP preconditioned resid norm 9.980315260149e-05 true resid norm 9.980315260149e-05 ||r(i)||/||b|| 1.848379674889e-05
  161 KSP Residual norm 9.323083103086e-05
  161 KSP preconditioned resid norm 9.323083103086e-05 true resid norm 9.323083103086e-05 ||r(i)||/||b|| 1.726658614068e-05
  162 KSP Residual norm 8.659354672594e-05
  162 KSP preconditioned resid norm 8.659354672594e-05 true resid norm 8.659354672594e-05 ||r(i)||/||b|| 1.603734426946e-05
  163 KSP Residual norm 7.568725100854e-05
  163 KSP preconditioned resid norm 7.568725100854e-05 true resid norm 7.568725100854e-05 ||r(i)||/||b|| 1.401747066759e-05
  164 KSP Residual norm 6.859624885766e-05
  164 KSP preconditioned resid norm 6.859624885766e-05 true resid norm 6.859624885766e-05 ||r(i)||/||b|| 1.270419910165e-05
  165 KSP Residual norm 6.406303233478e-05
  165 KSP preconditioned resid norm 6.406303233478e-05 true resid norm 6.406303233478e-05 ||r(i)||/||b|| 1.186463591508e-05
  166 KSP Residual norm 5.670399411120e-05
  166 KSP preconditioned resid norm 5.670399411120e-05 true resid norm 5.670399411120e-05 ||r(i)||/||b|| 1.050172338931e-05
  167 KSP Residual norm 5.203103301330e-05
  167 KSP preconditioned resid norm 5.203103301330e-05 true resid norm 5.203103301330e-05 ||r(i)||/||b|| 9.636279153353e-06
    Linear solve converged due to CONVERGED_RTOL iterations 167
Iteratively computed eigenvalues
0.000112926 + 0.i
0.000225819 + 0.i
0.000360867 + 0.i
0.000423349 + 0.i
0.000567908 + 0.i
0.000714585 + 0.i
0.00100707 + 0.i
0.00122154 + 0.i
0.00144882 + 0.i
0.0018499 + 0.i
0.00206814 + 0.i
0.00245459 + 0.i
0.00292775 + 0.i
0.00321711 + 0.i
0.00375613 + 0.i
0.00428673 + 0.i
0.00465719 + 0.i
0.00532096 + 0.i
0.00591103 + 0.i
0.00635328 + 0.i
0.00714038 + 0.i
0.00783108 + 0.i
0.0083159 + 0.i
0.0092047 + 0.i
0.0100663 + 0.i
0.010551 + 0.i
0.0115127 + 0.i
0.0125468 + 0.i
0.0130584 + 0.i
0.0140502 + 0.i
0.0152147 + 0.i
0.015886 + 0.i
0.016794 + 0.i
0.0180159 + 0.i
0.0190502 + 0.i
0.0198695 + 0.i
0.0209353 + 0.i
0.0222307 + 0.i
0.0235351 + 0.i
0.0242001 + 0.i
0.0254157 + 0.i
0.0268181 + 0.i
0.0281484 + 0.i
0.0294754 + 0.i
0.0302312 + 0.i
0.0315512 + 0.i
0.0329747 + 0.i
0.0344033 + 0.i
0.0359307 + 0.i
0.0372595 + 0.i
0.0387836 + 0.i
0.0399229 + 0.i
0.0414362 + 0.i
0.0425324 + 0.i
0.0441579 + 0.i
0.0453372 + 0.i
0.047039 + 0.i
0.0482745 + 0.i
0.0499259 + 0.i
0.0514011 + 0.i
0.0527621 + 0.i
0.0544483 + 0.i
0.0560229 + 0.i
0.0574536 + 0.i
0.0589312 + 0.i
0.0604344 + 0.i
0.0619288 + 0.i
0.0635707 + 0.i
0.0653229 + 0.i
0.0670361 + 0.i
0.0687164 + 0.i
0.0704433 + 0.i
0.0721117 + 0.i
0.0738512 + 0.i
0.075528 + 0.i
0.0772577 + 0.i
0.0789685 + 0.i
0.0806736 + 0.i
0.0824181 + 0.i
0.08411 + 0.i
0.0858591 + 0.i
0.0875745 + 0.i
0.0892886 + 0.i
0.091043 + 0.i
0.0927396 + 0.i
0.0944735 + 0.i
0.0962159 + 0.i
0.097905 + 0.i
0.0996372 + 0.i
0.101369 + 0.i
0.103063 + 0.i
0.104757 + 0.i
0.106476 + 0.i
0.108191 + 0.i
0.109869 + 0.i
0.111543 + 0.i
0.113219 + 0.i
0.114885 + 0.i
0.116552 + 0.i
0.118222 + 0.i
0.11989 + 0.i
0.121564 + 0.i
0.123265 + 0.i
0.125003 + 0.i
0.126711 + 0.i
0.128387 + 0.i
0.13004 + 0.i
0.131677 + 0.i
0.133294 + 0.i
0.134896 + 0.i
0.13648 + 0.i
0.138048 + 0.i
0.139598 + 0.i
0.141131 + 0.i
0.142645 + 0.i
0.144143 + 0.i
0.14562 + 0.i
0.147081 + 0.i
0.148521 + 0.i
0.149942 + 0.i
0.151343 + 0.i
0.152723 + 0.i
0.154079 + 0.i
0.155414 + 0.i
0.156725 + 0.i
0.158015 + 0.i
0.159282 + 0.i
0.160531 + 0.i
0.161755 + 0.i
0.162956 + 0.i
0.164127 + 0.i
0.165271 + 0.i
0.166388 + 0.i
0.167487 + 0.i
0.168562 + 0.i
0.169613 + 0.i
0.170629 + 0.i
0.171615 + 0.i
0.172572 + 0.i
0.17351 + 0.i
0.174421 + 0.i
0.175303 + 0.i
0.17615 + 0.i
0.176966 + 0.i
0.177754 + 0.i
0.178515 + 0.i
0.179254 + 0.i
0.179959 + 0.i
0.180629 + 0.i
0.18126 + 0.i
0.181872 + 0.i
0.182459 + 0.i
0.183019 + 0.i
0.183527 + 0.i
0.184008 + 0.i
0.184465 + 0.i
0.184894 + 0.i
0.185284 + 0.i
0.185641 + 0.i
0.185965 + 0.i
0.186248 + 0.i
0.186521 + 0.i
0.186756 + 0.i
0.186965 + 0.i
0.187114 + 0.i
0.187271 + 0.i
0.187387 + 0.i
KSP Object: 1 MPI process
  type: cg
  maximum iterations=2000, initial guess is zero
  tolerances: relative=1e-05, absolute=1e-50, divergence=10000.
  left preconditioning
  using PRECONDITIONED norm type for convergence test
PC Object: 1 MPI process
  type: none
  linear system matrix = precond matrix:
  Mat Object: 1 MPI process
    type: seqaij
    rows=274625, cols=274625
    total: nonzeros=1897025, allocated nonzeros=1897025
    total number of mallocs used during MatSetValues calls=0
      not using I-node routines
problem manuexp on 65 x 65 x 65 point 3D grid:
  error |u-uexact|_inf = 1.591e-04, |u-uexact|_h = 3.810e-05
****************************************************************************************************************************************************************
***                                WIDEN YOUR WINDOW TO 160 CHARACTERS.  Use 'enscript -r -fCourier9' to print this document                                 ***
****************************************************************************************************************************************************************

------------------------------------------------------------------ PETSc Performance Summary: ------------------------------------------------------------------

./fish on a arch-cuda-opt named localhost.localdomain with 1 process, by luohao on Wed Nov  6 18:26:05 2024
Using Petsc Release Version 3.22.1, Oct 28, 2024 

                         Max       Max/Min     Avg       Total
Time (sec):           2.354e+00     1.000   2.354e+00
Objects:              0.000e+00     0.000   0.000e+00
Flops:                1.238e+09     1.000   1.238e+09  1.238e+09
Flops/sec:            5.258e+08     1.000   5.258e+08  5.258e+08
MPI Msg Count:        0.000e+00     0.000   0.000e+00  0.000e+00
MPI Msg Len (bytes):  0.000e+00     0.000   0.000e+00  0.000e+00
MPI Reductions:       0.000e+00     0.000

Flop counting convention: 1 flop = 1 real number operation of type (multiply/divide/add/subtract)
                            e.g., VecAXPY() for real vectors of length N --> 2N flops
                            and VecAXPY() for complex vectors of length N --> 8N flops

Summary of Stages:   ----- Time ------  ----- Flop ------  --- Messages ---  -- Message Lengths --  -- Reductions --
                        Avg     %Total     Avg     %Total    Count   %Total     Avg         %Total    Count   %Total
 0:      Main Stage: 2.3538e+00 100.0%  1.2375e+09 100.0%  0.000e+00   0.0%  0.000e+00        0.0%  0.000e+00   0.0%

------------------------------------------------------------------------------------------------------------------------
See the 'Profiling' chapter of the users' manual for details on interpreting output.
Phase summary info:
   Count: number of times phase was executed
   Time and Flop: Max - maximum over all processors
                  Ratio - ratio of maximum to minimum over all processors
   Mess: number of messages sent
   AvgLen: average message length (bytes)
   Reduct: number of global reductions
   Global: entire computation
   Stage: stages of a computation. Set stages with PetscLogStagePush() and PetscLogStagePop().
      %T - percent time in this phase         %F - percent flop in this phase
      %M - percent messages in this phase     %L - percent message lengths in this phase
      %R - percent reductions in this phase
   Total Mflop/s: 10e-6 * (sum of flop over all processors)/(max time over all processors)
   GPU Mflop/s: 10e-6 * (sum of flop on GPU over all processors)/(max GPU time over all processors)
   CpuToGpu Count: total number of CPU to GPU copies per processor
   CpuToGpu Size (Mbytes): 10e-6 * (total size of CPU to GPU copies per processor)
   GpuToCpu Count: total number of GPU to CPU copies per processor
   GpuToCpu Size (Mbytes): 10e-6 * (total size of GPU to CPU copies per processor)
   GPU %F: percent flops on GPU in this event
------------------------------------------------------------------------------------------------------------------------
Event                Count      Time (sec)     Flop                              --- Global ---  --- Stage ----  Total   GPU    - CpuToGpu -   - GpuToCpu - GPU
                   Max Ratio  Max     Ratio   Max  Ratio  Mess   AvgLen  Reduct  %T %F %M %L %R  %T %F %M %L %R Mflop/s Mflop/s Count   Size   Count   Size  %F
---------------------------------------------------------------------------------------------------------------------------------------------------------------

--- Event Stage 0: Main Stage

BuildTwoSided          2 1.0 2.1015e-05 1.0 0.00e+00 0.0 0.0e+00 0.0e+00 0.0e+00  0  0  0  0  0   0  0  0  0  0     0       0      0 0.00e+00    0 0.00e+00  0
DMCreateMat            1 1.0 7.3577e-02 1.0 0.00e+00 0.0 0.0e+00 0.0e+00 0.0e+00  3  0  0  0  0   3  0  0  0  0     0       0      0 0.00e+00    0 0.00e+00  0
SFSetGraph             2 1.0 1.1589e-02 1.0 0.00e+00 0.0 0.0e+00 0.0e+00 0.0e+00  0  0  0  0  0   0  0  0  0  0     0       0      0 0.00e+00    0 0.00e+00  0
SFSetUp                2 1.0 8.7394e-03 1.0 0.00e+00 0.0 0.0e+00 0.0e+00 0.0e+00  0  0  0  0  0   0  0  0  0  0     0       0      0 0.00e+00    0 0.00e+00  0
SFPack                 3 1.0 9.2800e-07 1.0 0.00e+00 0.0 0.0e+00 0.0e+00 0.0e+00  0  0  0  0  0   0  0  0  0  0     0       0      0 0.00e+00    0 0.00e+00  0
SFUnpack               3 1.0 1.5290e-06 1.0 0.00e+00 0.0 0.0e+00 0.0e+00 0.0e+00  0  0  0  0  0   0  0  0  0  0     0       0      0 0.00e+00    0 0.00e+00  0
VecTDot              336 1.0 6.2771e-02 1.0 1.85e+08 1.0 0.0e+00 0.0e+00 0.0e+00  3 15  0  0  0   3 15  0  0  0  2940       0      0 0.00e+00    0 0.00e+00  0
VecNorm              339 1.0 7.1311e-02 1.0 1.86e+08 1.0 0.0e+00 0.0e+00 0.0e+00  3 15  0  0  0   3 15  0  0  0  2603       0      0 0.00e+00    0 0.00e+00  0
VecCopy              338 1.0 1.0253e-01 1.0 0.00e+00 0.0 0.0e+00 0.0e+00 0.0e+00  4  0  0  0  0   4  0  0  0  0     0       0      0 0.00e+00    0 0.00e+00  0
VecSet                 1 1.0 2.8207e-04 1.0 0.00e+00 0.0 0.0e+00 0.0e+00 0.0e+00  0  0  0  0  0   0  0  0  0  0     0       0      0 0.00e+00    0 0.00e+00  0
VecAXPY              336 1.0 6.4638e-02 1.0 1.85e+08 1.0 0.0e+00 0.0e+00 0.0e+00  3 15  0  0  0   3 15  0  0  0  2855       0      0 0.00e+00    0 0.00e+00  0
VecAYPX              166 1.0 5.7007e-02 1.0 9.12e+07 1.0 0.0e+00 0.0e+00 0.0e+00  2  7  0  0  0   2  7  0  0  0  1599       0      0 0.00e+00    0 0.00e+00  0
VecScatterBegin        3 1.0 1.8159e-03 1.0 0.00e+00 0.0 0.0e+00 0.0e+00 0.0e+00  0  0  0  0  0   0  0  0  0  0     0       0      0 0.00e+00    0 0.00e+00  0
VecScatterEnd          3 1.0 1.5304e-05 1.0 0.00e+00 0.0 0.0e+00 0.0e+00 0.0e+00  0  0  0  0  0   0  0  0  0  0     0       0      0 0.00e+00    0 0.00e+00  0
MatMult              167 1.0 4.2711e-01 1.0 5.88e+08 1.0 0.0e+00 0.0e+00 0.0e+00 18 47  0  0  0  18 47  0  0  0  1376       0      0 0.00e+00    0 0.00e+00  0
MatAssemblyBegin       2 1.0 1.4490e-06 1.0 0.00e+00 0.0 0.0e+00 0.0e+00 0.0e+00  0  0  0  0  0   0  0  0  0  0     0       0      0 0.00e+00    0 0.00e+00  0
MatAssemblyEnd         2 1.0 4.6376e-03 1.0 0.00e+00 0.0 0.0e+00 0.0e+00 0.0e+00  0  0  0  0  0   0  0  0  0  0     0       0      0 0.00e+00    0 0.00e+00  0
MatView                1 1.0 4.5852e-05 1.0 0.00e+00 0.0 0.0e+00 0.0e+00 0.0e+00  0  0  0  0  0   0  0  0  0  0     0       0      0 0.00e+00    0 0.00e+00  0
KSPSetUp               1 1.0 2.1626e-03 1.0 0.00e+00 0.0 0.0e+00 0.0e+00 0.0e+00  0  0  0  0  0   0  0  0  0  0     0       0      0 0.00e+00    0 0.00e+00  0
KSPSolve               1 1.0 1.0980e+00 1.0 1.23e+09 1.0 0.0e+00 0.0e+00 0.0e+00 47 100  0  0  0  47 100  0  0  0  1122       0      0 0.00e+00    0 0.00e+00  0
SNESSolve              1 1.0 1.1486e+00 1.0 1.24e+09 1.0 0.0e+00 0.0e+00 0.0e+00 49 100  0  0  0  49 100  0  0  0  1076       0      0 0.00e+00    0 0.00e+00  0
SNESSetUp              1 1.0 7.4557e-02 1.0 0.00e+00 0.0 0.0e+00 0.0e+00 0.0e+00  3  0  0  0  0   3  0  0  0  0     0       0      0 0.00e+00    0 0.00e+00  0
SNESFunctionEval       1 1.0 8.3768e-03 1.0 3.84e+06 1.0 0.0e+00 0.0e+00 0.0e+00  0  0  0  0  0   0  0  0  0  0   459       0      0 0.00e+00    0 0.00e+00  0
SNESJacobianEval       1 1.0 3.8155e-02 1.0 0.00e+00 0.0 0.0e+00 0.0e+00 0.0e+00  2  0  0  0  0   2  0  0  0  0     0       0      0 0.00e+00    0 0.00e+00  0
PCSetUp                1 1.0 4.2600e-07 1.0 0.00e+00 0.0 0.0e+00 0.0e+00 0.0e+00  0  0  0  0  0   0  0  0  0  0     0       0      0 0.00e+00    0 0.00e+00  0
PCApply              168 1.0 4.6478e-02 1.0 0.00e+00 0.0 0.0e+00 0.0e+00 0.0e+00  2  0  0  0  0   2  0  0  0  0     0       0      0 0.00e+00    0 0.00e+00  0
---------------------------------------------------------------------------------------------------------------------------------------------------------------

Object Type          Creations   Destructions. Reports information only for process 0.

--- Event Stage 0: Main Stage

           Container     3              3
    Distributed Mesh     2              2
           Index Set     6              6
   IS L to G Mapping     2              2
   Star Forest Graph     6              6
     Discrete System     2              2
           Weak Form     2              2
              Vector   353            353
                SNES     1              1
              DMSNES     1              1
       Krylov Solver     1              1
     DMKSP interface     1              1
              Matrix     1              1
      Preconditioner     1              1
              Viewer     1              1
========================================================================================================================
Average time to get PetscTime(): 2.89e-08
#PETSc Option Table entries:
-da_refine 5 # (source: command line)
-fsh_cx 1 # (source: command line)
-fsh_cy 1 # (source: command line)
-fsh_cz 1 # (source: command line)
-fsh_dim 3 # (source: command line)
-fsh_problem manuexp # (source: command line)
-initial_gonboundary 1 # (source: command line)
-ksp_converged_reason # (source: command line)
-ksp_max_it 2000 # (source: command line)
-ksp_monitor # (source: command line)
-ksp_monitor_true_residual # (source: command line)
-ksp_rtol 1e-5 # (source: command line)
-ksp_type cg # (source: command line)
-ksp_view # (source: command line)
-ksp_view_eigenvalues # (source: command line)
-log_view # (source: command line)
-mat_type aij # (source: command line)
-pc_type none # (source: command line)
#End of PETSc Option Table entries
Compiled without FORTRAN kernels
Compiled with full precision matrices (default)
sizeof(short) 2 sizeof(int) 4 sizeof(long) 8 sizeof(void*) 8 sizeof(PetscScalar) 8 sizeof(PetscInt) 4
Configure options: --with-debugging=no --with-cuda=1
-----------------------------------------
Libraries compiled on 2024-11-02 16:49:32 on localhost.localdomain 
Machine characteristics: Linux-3.10.0-1160.95.1.el7.x86_64-x86_64-with-centos-7.9.2009-Core
Using PETSc directory: /share/userfile/luohao/petsc-3.22.1
Using PETSc arch: arch-cuda-opt
-----------------------------------------

Using C compiler: mpicc  -fPIC -Wall -Wwrite-strings -Wno-unknown-pragmas -Wno-lto-type-mismatch -Wno-stringop-overflow -fstack-protector -fvisibility=hidden -Wall -Wwrite-strings -Wno-unknown-pragmas -Wno-lto-type-mismatch -Wno-stringop-overflow -fstack-protector -fvisibility=hidden -g -O  
Using Fortran compiler: mpif90  -fPIC -Wall -ffree-line-length-none -ffree-line-length-0 -Wno-lto-type-mismatch -Wno-unused-dummy-argument -Wall -ffree-line-length-none -ffree-line-length-0 -Wno-lto-type-mismatch -Wno-unused-dummy-argument -g -O    
-----------------------------------------

Using include paths: -I/share/userfile/luohao/petsc-3.22.1/include -I/share/userfile/luohao/petsc-3.22.1/arch-cuda-opt/include -I/share/software/cuda-12.4/include
-----------------------------------------

Using C linker: mpicc
Using Fortran linker: mpif90
Using libraries: -Wl,-rpath,/share/userfile/luohao/petsc-3.22.1/arch-cuda-opt/lib -L/share/userfile/luohao/petsc-3.22.1/arch-cuda-opt/lib -lpetsc -Wl,-rpath,/share/software/intel/mkl/lib/intel64 -L/share/software/intel/mkl/lib/intel64 -Wl,-rpath,/share/software/cuda-12.4/lib64 -L/share/software/cuda-12.4/lib64 -L/share/software/cuda-12.4/lib64/stubs -Wl,-rpath,/share/software/mpich-4.0.3/lib -L/share/software/mpich-4.0.3/lib -Wl,-rpath,/share/software/gcc-13.2.0/lib64 -L/share/software/gcc-13.2.0/lib64 -Wl,-rpath,/home/luohao/.local/lib64 -L/home/luohao/.local/lib64 -Wl,-rpath,/share/software/gcc-13.2.0/lib/gcc/x86_64-pc-linux-gnu/13.2.0 -L/share/software/gcc-13.2.0/lib/gcc/x86_64-pc-linux-gnu/13.2.0 -Wl,-rpath,/share/software/gcc-13.2.0/lib -L/share/software/gcc-13.2.0/lib -Wl,-rpath,/share/software/gdb/gdb-11.1/lib -L/share/software/gdb/gdb-11.1/lib -Wl,-rpath,/share/software/binutils/binutils-2.37/lib -L/share/software/binutils/binutils-2.37/lib -Wl,-rpath,/home/luohao/.local/lib -L/home/luohao/.local/lib -Wl,-rpath,/share/userfile/luohao/petsc-3.22.1 -L/share/userfile/luohao/petsc-3.22.1 -lmkl_intel_lp64 -lmkl_core -lmkl_sequential -lpthread -lm -lcudart -lnvToolsExt -lcufft -lcublas -lcusparse -lcusolver -lcurand -lcuda -lX11 -ldl -lmpifort -lmpi -lgfortran -lm -lgfortran -lm -lgcc_s -lquadmath -lstdc++ -lquadmath -ldl
-----------------------------------------

WARNING! There are options you set that were not used!
WARNING! could be spelling mistake, etc!
There is one unused database option. It is:
Option left: name:-initial_gonboundary value: 1 source: command line
