    Linear solve did not converge due to DIVERGED_ITS iterations 200
problem manupoly on 2048 x 2048 point 2D grid:
  error |u-uexact|_inf = 6.250e-02, |u-uexact|_h = 2.540e-02
****************************************************************************************************************************************************************
***                                WIDEN YOUR WINDOW TO 160 CHARACTERS.  Use 'enscript -r -fCourier9' to print this document                                 ***
****************************************************************************************************************************************************************

------------------------------------------------------------------ PETSc Performance Summary: ------------------------------------------------------------------



      ##########################################################
      #                                                        #
      #                       WARNING!!!                       #
      #                                                        #
      #   This code was run with -log_view_gpu_time            #
      #   This provides accurate timing within the GPU kernels #
      #   but can slow down the entire computation by a        #
      #   measurable amount. For fastest runs we recommend     #
      #   not using this option.                               #
      #                                                        #
      ##########################################################


./fish on a arch-cuda-opt named localhost.localdomain with 1 process and CUDA architecture 75, by luohao on Mon Nov  4 01:03:36 2024
Using Petsc Release Version 3.22.1, Oct 28, 2024 

                         Max       Max/Min     Avg       Total
Time (sec):           1.031e+01     1.000   1.031e+01
Objects:              0.000e+00     0.000   0.000e+00
Flops:                7.393e+10     1.000   7.393e+10  7.393e+10
Flops/sec:            7.170e+09     1.000   7.170e+09  7.170e+09
MPI Msg Count:        0.000e+00     0.000   0.000e+00  0.000e+00
MPI Msg Len (bytes):  0.000e+00     0.000   0.000e+00  0.000e+00
MPI Reductions:       0.000e+00     0.000

Flop counting convention: 1 flop = 1 real number operation of type (multiply/divide/add/subtract)
                            e.g., VecAXPY() for real vectors of length N --> 2N flops
                            and VecAXPY() for complex vectors of length N --> 8N flops

Summary of Stages:   ----- Time ------  ----- Flop ------  --- Messages ---  -- Message Lengths --  -- Reductions --
                        Avg     %Total     Avg     %Total    Count   %Total     Avg         %Total    Count   %Total
 0:      Main Stage: 1.0311e+01 100.0%  7.3931e+10 100.0%  0.000e+00   0.0%  0.000e+00        0.0%  0.000e+00   0.0%

------------------------------------------------------------------------------------------------------------------------
See the 'Profiling' chapter of the users' manual for details on interpreting output.
Phase summary info:
   Count: number of times phase was executed
   Time and Flop: Max - maximum over all processors
                  Ratio - ratio of maximum to minimum over all processors
   Mess: number of messages sent
   AvgLen: average message length (bytes)
   Reduct: number of global reductions
   Global: entire computation
   Stage: stages of a computation. Set stages with PetscLogStagePush() and PetscLogStagePop().
      %T - percent time in this phase         %F - percent flop in this phase
      %M - percent messages in this phase     %L - percent message lengths in this phase
      %R - percent reductions in this phase
   Total Mflop/s: 10e-6 * (sum of flop over all processors)/(max time over all processors)
   GPU Mflop/s: 10e-6 * (sum of flop on GPU over all processors)/(max GPU time over all processors)
   CpuToGpu Count: total number of CPU to GPU copies per processor
   CpuToGpu Size (Mbytes): 10e-6 * (total size of CPU to GPU copies per processor)
   GpuToCpu Count: total number of GPU to CPU copies per processor
   GpuToCpu Size (Mbytes): 10e-6 * (total size of GPU to CPU copies per processor)
   GPU %F: percent flops on GPU in this event
------------------------------------------------------------------------------------------------------------------------
Event                Count      Time (sec)     Flop                              --- Global ---  --- Stage ----  Total   GPU    - CpuToGpu -   - GpuToCpu - GPU
                   Max Ratio  Max     Ratio   Max  Ratio  Mess   AvgLen  Reduct  %T %F %M %L %R  %T %F %M %L %R Mflop/s Mflop/s Count   Size   Count   Size  %F
---------------------------------------------------------------------------------------------------------------------------------------------------------------

--- Event Stage 0: Main Stage

BuildTwoSided          2 1.0 3.4009e-05 1.0 0.00e+00 0.0 0.0e+00 0.0e+00 0.0e+00  0  0  0  0  0   0  0  0  0  0     0       0      0 0.00e+00    0 0.00e+00  0
DMCreateMat            1 1.0 1.2235e+00 1.0 0.00e+00 0.0 0.0e+00 0.0e+00 0.0e+00 12  0  0  0  0  12  0  0  0  0     0       0      0 0.00e+00    0 0.00e+00  0
SFSetGraph             2 1.0 2.1447e-01 1.0 0.00e+00 0.0 0.0e+00 0.0e+00 0.0e+00  2  0  0  0  0   2  0  0  0  0     0       0      0 0.00e+00    0 0.00e+00  0
SFSetUp                2 1.0 1.2366e-01 1.0 0.00e+00 0.0 0.0e+00 0.0e+00 0.0e+00  1  0  0  0  0   1  0  0  0  0     0       0      0 0.00e+00    0 0.00e+00  0
SFPack                 3 1.0 7.8100e-07 1.0 0.00e+00 0.0 0.0e+00 0.0e+00 0.0e+00  0  0  0  0  0   0  0  0  0  0     0       0      0 0.00e+00    0 0.00e+00  0
SFUnpack               3 1.0 1.6260e-06 1.0 0.00e+00 0.0 0.0e+00 0.0e+00 0.0e+00  0  0  0  0  0   0  0  0  0  0     0       0      0 0.00e+00    0 0.00e+00  0
VecMDot              200 1.0 2.0692e-01 1.0 2.52e+10 1.0 0.0e+00 0.0e+00 0.0e+00  2 34  0  0  0   2 34  0  0  0 121626   1174554      0 0.00e+00  193 2.39e-02  100
VecNorm              209 1.0 3.4575e-02 1.0 1.74e+09 1.0 0.0e+00 0.0e+00 0.0e+00  0  2  0  0  0   0  2  0  0  0 50465   52543      0 0.00e+00    1 8.00e-06  100
VecScale             207 1.0 2.7345e-02 1.0 8.68e+08 1.0 0.0e+00 0.0e+00 0.0e+00  0  1  0  0  0   0  1  0  0  0 31751   33093      0 0.00e+00    0 0.00e+00  100
VecCopy                7 1.0 1.9359e-02 1.0 0.00e+00 0.0 0.0e+00 0.0e+00 0.0e+00  0  0  0  0  0   0  0  0  0  0     0       0      0 0.00e+00    0 0.00e+00  0
VecSet                 9 1.0 4.4336e-04 1.0 0.00e+00 0.0 0.0e+00 0.0e+00 0.0e+00  0  0  0  0  0   0  0  0  0  0     0       0      0 0.00e+00    0 0.00e+00  0
VecAXPY               14 1.0 5.9876e-03 1.0 1.17e+08 1.0 0.0e+00 0.0e+00 0.0e+00  0  0  0  0  0   0  0  0  0  0 19614   19975      1 3.36e+01    0 0.00e+00  100
VecMAXPY             207 1.0 2.7332e-01 1.0 2.68e+10 1.0 0.0e+00 0.0e+00 0.0e+00  3 36  0  0  0   3 36  0  0  0 98213   99245    207 2.56e-02    0 0.00e+00  100
VecScatterBegin        3 1.0 1.8779e-02 1.0 0.00e+00 0.0 0.0e+00 0.0e+00 0.0e+00  0  0  0  0  0   0  0  0  0  0     0       0      2 6.71e+01    0 0.00e+00  0
VecScatterEnd          3 1.0 2.1890e-05 1.0 0.00e+00 0.0 0.0e+00 0.0e+00 0.0e+00  0  0  0  0  0   0  0  0  0  0     0       0      0 0.00e+00    0 0.00e+00  0
VecNormalize         207 1.0 6.1100e-02 1.0 2.60e+09 1.0 0.0e+00 0.0e+00 0.0e+00  1  4  0  0  0   1  4  0  0  0 42630   44539      0 0.00e+00    0 0.00e+00  100
VecCUDACopyTo          4 1.0 1.0677e-04 1.0 0.00e+00 0.0 0.0e+00 0.0e+00 0.0e+00  0  0  0  0  0   0  0  0  0  0     0       0      4 1.34e+02    0 0.00e+00  0
VecCUDACopyFrom        3 1.0 7.8346e-03 1.0 0.00e+00 0.0 0.0e+00 0.0e+00 0.0e+00  0  0  0  0  0   0  0  0  0  0     0       0      0 0.00e+00    3 1.01e+02  0
MatMult              206 1.0 2.2767e-01 1.0 7.77e+09 1.0 0.0e+00 0.0e+00 0.0e+00  2 11  0  0  0   2 11  0  0  0 34141   46512      1 2.68e+02    0 0.00e+00  100
MatSolve             207 1.0 4.8837e+00 1.0 1.13e+10 1.0 0.0e+00 0.0e+00 0.0e+00 47 15  0  0  0  47 15  0  0  0  2310    2310      1 3.36e+01    0 0.00e+00  100
MatLUFactorNum         1 1.0 5.4093e-01 1.0 9.20e+07 1.0 0.0e+00 0.0e+00 0.0e+00  5  0  0  0  0   5  0  0  0  0   170       0      0 0.00e+00    0 0.00e+00  0
MatILUFactorSym        1 1.0 5.0186e-01 1.0 0.00e+00 0.0 0.0e+00 0.0e+00 0.0e+00  5  0  0  0  0   5  0  0  0  0     0       0      0 0.00e+00    0 0.00e+00  0
MatAssemblyBegin       2 1.0 1.6530e-06 1.0 0.00e+00 0.0 0.0e+00 0.0e+00 0.0e+00  0  0  0  0  0   0  0  0  0  0     0       0      0 0.00e+00    0 0.00e+00  0
MatAssemblyEnd         2 1.0 3.4749e-02 1.0 0.00e+00 0.0 0.0e+00 0.0e+00 0.0e+00  0  0  0  0  0   0  0  0  0  0     0       0      0 0.00e+00    0 0.00e+00  0
MatGetRowIJ            1 1.0 1.7690e-06 1.0 0.00e+00 0.0 0.0e+00 0.0e+00 0.0e+00  0  0  0  0  0   0  0  0  0  0     0       0      0 0.00e+00    0 0.00e+00  0
MatGetOrdering         1 1.0 1.7987e-02 1.0 0.00e+00 0.0 0.0e+00 0.0e+00 0.0e+00  0  0  0  0  0   0  0  0  0  0     0       0      0 0.00e+00    0 0.00e+00  0
MatCUSPARSCopyTo       1 1.0 5.9222e-02 1.0 0.00e+00 0.0 0.0e+00 0.0e+00 0.0e+00  1  0  0  0  0   1  0  0  0  0     0       0      1 2.68e+02    0 0.00e+00  0
KSPSetUp               1 1.0 8.3512e-05 1.0 0.00e+00 0.0 0.0e+00 0.0e+00 0.0e+00  0  0  0  0  0   0  0  0  0  0     0       0      0 0.00e+00    0 0.00e+00  0
KSPSolve               1 1.0 5.6764e+00 1.0 7.38e+10 1.0 0.0e+00 0.0e+00 0.0e+00 55 100  0  0  0  55 100  0  0  0 12997   13652    209 3.02e+02  193 2.39e-02  100
KSPGMRESOrthog       200 1.0 4.6395e-01 1.0 5.03e+10 1.0 0.0e+00 0.0e+00 0.0e+00  4 68  0  0  0   4 68  0  0  0 108486   182472    200 2.40e-02  193 2.39e-02  100
SNESSolve              1 1.0 7.3165e+00 1.0 7.39e+10 1.0 0.0e+00 0.0e+00 0.0e+00 71 100  0  0  0  71 100  0  0  0 10102   13652    211 3.69e+02  195 6.71e+01  100
SNESSetUp              1 1.0 1.2236e+00 1.0 0.00e+00 0.0 0.0e+00 0.0e+00 0.0e+00 12  0  0  0  0  12  0  0  0  0     0       0      0 0.00e+00    0 0.00e+00  0
SNESFunctionEval       1 1.0 6.4770e-02 1.0 4.61e+07 1.0 0.0e+00 0.0e+00 0.0e+00  1  0  0  0  0   1  0  0  0  0   712       0      1 3.36e+01    1 3.36e+01  0
SNESJacobianEval       1 1.0 5.1401e-01 1.0 0.00e+00 0.0 0.0e+00 0.0e+00 0.0e+00  5  0  0  0  0   5  0  0  0  0     0       0      1 3.36e+01    1 3.36e+01  0
PCSetUp                1 1.0 1.0612e+00 1.0 9.20e+07 1.0 0.0e+00 0.0e+00 0.0e+00 10  0  0  0  0  10  0  0  0  0    87       0      0 0.00e+00    0 0.00e+00  0
PCApply              207 1.0 4.8838e+00 1.0 1.13e+10 1.0 0.0e+00 0.0e+00 0.0e+00 47 15  0  0  0  47 15  0  0  0  2310    2310      1 3.36e+01    0 0.00e+00  100
cuBLAS Init            1 1.0 1.5912e-02 1.0 0.00e+00 0.0 0.0e+00 0.0e+00 0.0e+00  0  0  0  0  0   0  0  0  0  0     0       0      0 0.00e+00    0 0.00e+00  0
DCtxCreate           427 1.0 2.1381e-04 1.0 0.00e+00 0.0 0.0e+00 0.0e+00 0.0e+00  0  0  0  0  0   0  0  0  0  0     0       0      0 0.00e+00    0 0.00e+00  0
DCtxDestroy          427 1.0 2.4135e-04 1.0 0.00e+00 0.0 0.0e+00 0.0e+00 0.0e+00  0  0  0  0  0   0  0  0  0  0     0       0      0 0.00e+00    0 0.00e+00  0
DCtxSetUp            427 1.0 2.8369e-04 1.0 0.00e+00 0.0 0.0e+00 0.0e+00 0.0e+00  0  0  0  0  0   0  0  0  0  0     0       0      0 0.00e+00    0 0.00e+00  0
DCtxSetDevice          6 1.0 5.5096e-05 1.0 0.00e+00 0.0 0.0e+00 0.0e+00 0.0e+00  0  0  0  0  0   0  0  0  0  0     0       0      0 0.00e+00    0 0.00e+00  0
DCtxDuplicate        425 1.0 5.4242e-04 1.0 0.00e+00 0.0 0.0e+00 0.0e+00 0.0e+00  0  0  0  0  0   0  0  0  0  0     0       0      0 0.00e+00    0 0.00e+00  0
DCtxWaitForCtx       850 1.0 8.7759e-04 1.0 0.00e+00 0.0 0.0e+00 0.0e+00 0.0e+00  0  0  0  0  0   0  0  0  0  0     0       0      0 0.00e+00    0 0.00e+00  0
DCtxFork             193 1.0 1.1350e-03 1.0 0.00e+00 0.0 0.0e+00 0.0e+00 0.0e+00  0  0  0  0  0   0  0  0  0  0     0       0      0 0.00e+00    0 0.00e+00  0
DCtxJoin             193 1.0 7.6061e-04 1.0 0.00e+00 0.0 0.0e+00 0.0e+00 0.0e+00  0  0  0  0  0   0  0  0  0  0     0       0      0 0.00e+00    0 0.00e+00  0
DCtxSync             200 1.0 8.6290e-03 1.0 0.00e+00 0.0 0.0e+00 0.0e+00 0.0e+00  0  0  0  0  0   0  0  0  0  0     0       0      0 0.00e+00    0 0.00e+00  0
DCtxMark             800 1.0 1.0504e-03 1.0 0.00e+00 0.0 0.0e+00 0.0e+00 0.0e+00  0  0  0  0  0   0  0  0  0  0     0       0      0 0.00e+00    0 0.00e+00  0
---------------------------------------------------------------------------------------------------------------------------------------------------------------

Object Type          Creations   Destructions. Reports information only for process 0.

--- Event Stage 0: Main Stage

           Container    14             14
    Distributed Mesh     2              2
           Index Set     9              9
   IS L to G Mapping     2              2
   Star Forest Graph     6              6
     Discrete System     2              2
           Weak Form     2              2
              Vector    48             48
                SNES     1              1
              DMSNES     1              1
       Krylov Solver     1              1
     DMKSP interface     1              1
              Matrix     3              3
      Preconditioner     1              1
              Viewer     1              1
  PetscDeviceContext     6              0
========================================================================================================================
Average time to get PetscTime(): 2.72e-08
#PETSc Option Table entries:
-da_grid_x 2048 # (source: command line)
-da_grid_y 2048 # (source: command line)
-dm_vec_type cuda # (source: command line)
-fsh_cx 1 # (source: command line)
-fsh_cy 1 # (source: command line)
-fsh_dim 2 # (source: command line)
-fsh_problem manupoly # (source: command line)
-ksp_converged_reason # (source: command line)
-ksp_gmres_restart 30 # (source: command line)
-ksp_max_it 200 # (source: command line)
-ksp_rtol 0 # (source: command line)
-ksp_type gmres # (source: command line)
-log_view # (source: command line)
-log_view_gpu_time # (source: command line)
-mat_type aijcusparse # (source: command line)
-pc_factor_levels 1 # (source: command line)
-pc_factor_mat_solver_type cusparse # (source: command line)
-pc_type ilu # (source: command line)
-use_gpu_aware_mpi 0 # (source: command line)
#End of PETSc Option Table entries
Compiled without FORTRAN kernels
Compiled with full precision matrices (default)
sizeof(short) 2 sizeof(int) 4 sizeof(long) 8 sizeof(void*) 8 sizeof(PetscScalar) 8 sizeof(PetscInt) 4
Configure options: --with-debugging=no --with-cuda=1
-----------------------------------------
Libraries compiled on 2024-11-02 16:49:32 on localhost.localdomain 
Machine characteristics: Linux-3.10.0-1160.95.1.el7.x86_64-x86_64-with-centos-7.9.2009-Core
Using PETSc directory: /share/userfile/luohao/petsc-3.22.1
Using PETSc arch: arch-cuda-opt
-----------------------------------------

Using C compiler: mpicc  -fPIC -Wall -Wwrite-strings -Wno-unknown-pragmas -Wno-lto-type-mismatch -Wno-stringop-overflow -fstack-protector -fvisibility=hidden -Wall -Wwrite-strings -Wno-unknown-pragmas -Wno-lto-type-mismatch -Wno-stringop-overflow -fstack-protector -fvisibility=hidden -g -O  
Using Fortran compiler: mpif90  -fPIC -Wall -ffree-line-length-none -ffree-line-length-0 -Wno-lto-type-mismatch -Wno-unused-dummy-argument -Wall -ffree-line-length-none -ffree-line-length-0 -Wno-lto-type-mismatch -Wno-unused-dummy-argument -g -O    
-----------------------------------------

Using include paths: -I/share/userfile/luohao/petsc-3.22.1/include -I/share/userfile/luohao/petsc-3.22.1/arch-cuda-opt/include -I/share/software/cuda-12.4/include
-----------------------------------------

Using C linker: mpicc
Using Fortran linker: mpif90
Using libraries: -Wl,-rpath,/share/userfile/luohao/petsc-3.22.1/arch-cuda-opt/lib -L/share/userfile/luohao/petsc-3.22.1/arch-cuda-opt/lib -lpetsc -Wl,-rpath,/share/software/intel/mkl/lib/intel64 -L/share/software/intel/mkl/lib/intel64 -Wl,-rpath,/share/software/cuda-12.4/lib64 -L/share/software/cuda-12.4/lib64 -L/share/software/cuda-12.4/lib64/stubs -Wl,-rpath,/share/software/mpich-4.0.3/lib -L/share/software/mpich-4.0.3/lib -Wl,-rpath,/share/software/gcc-13.2.0/lib64 -L/share/software/gcc-13.2.0/lib64 -Wl,-rpath,/home/luohao/.local/lib64 -L/home/luohao/.local/lib64 -Wl,-rpath,/share/software/gcc-13.2.0/lib/gcc/x86_64-pc-linux-gnu/13.2.0 -L/share/software/gcc-13.2.0/lib/gcc/x86_64-pc-linux-gnu/13.2.0 -Wl,-rpath,/share/software/gcc-13.2.0/lib -L/share/software/gcc-13.2.0/lib -Wl,-rpath,/share/software/gdb/gdb-11.1/lib -L/share/software/gdb/gdb-11.1/lib -Wl,-rpath,/share/software/binutils/binutils-2.37/lib -L/share/software/binutils/binutils-2.37/lib -Wl,-rpath,/home/luohao/.local/lib -L/home/luohao/.local/lib -Wl,-rpath,/share/userfile/luohao/petsc-3.22.1 -L/share/userfile/luohao/petsc-3.22.1 -lmkl_intel_lp64 -lmkl_core -lmkl_sequential -lpthread -lm -lcudart -lnvToolsExt -lcufft -lcublas -lcusparse -lcusolver -lcurand -lcuda -lX11 -ldl -lmpifort -lmpi -lgfortran -lm -lgfortran -lm -lgcc_s -lquadmath -lstdc++ -lquadmath -ldl
-----------------------------------------

